Component: ARM Compiler 5.06 update 5 (build 528) Tool: armlink [4d35e2]

==============================================================================

Section Cross References

    main.o(i.main) refers to _scanf_str.o(.text) for _scanf_string
    main.o(i.main) refers to _printf_percent.o(.ARM.Collect$$_printf_percent$$00000000) for _printf_percent
    main.o(i.main) refers to _printf_d.o(.ARM.Collect$$_printf_percent$$00000009) for _printf_d
    main.o(i.main) refers to _printf_dec.o(.text) for _printf_int_dec
    main.o(i.main) refers to _printf_pad.o(.text) for _printf_pre_padding
    main.o(i.main) refers to _printf_f.o(.ARM.Collect$$_printf_percent$$00000003) for _printf_f
    main.o(i.main) refers to printf1.o(x$fpl$printf1) for _printf_fp_dec
    main.o(i.main) refers to _scanf_int.o(.text) for _scanf_int
    main.o(i.main) refers to uart.o(i.Init_UART0) for Init_UART0
    main.o(i.main) refers to main.o(i.GPIO_Init) for GPIO_Init
    main.o(i.main) refers to main.o(i.Init_ADC) for Init_ADC
    main.o(i.main) refers to leds.o(i.Init_RGB_LEDs) for Init_RGB_LEDs
    main.o(i.main) refers to noretval__2printf.o(.text) for __2printf
    main.o(i.main) refers to leds.o(i.Control_RGB_LEDs) for Control_RGB_LEDs
    main.o(i.main) refers to __0scanf.o(.text) for __0scanf
    main.o(i.main) refers to dflti.o(.text) for __aeabi_ui2d
    main.o(i.main) refers to dmul.o(.text) for __aeabi_dmul
    main.o(i.main) refers to ddiv.o(.text) for __aeabi_ddiv
    main.o(i.main) refers to d2f.o(.text) for __aeabi_d2f
    main.o(i.main) refers to f2d.o(.text) for __aeabi_f2d
    main.o(i.main) refers to __0sscanf.o(.text) for __0sscanf
    main.o(i.main) refers to delay.o(i.Delay) for Delay
    main.o(i.main) refers to main.o(.data) for o
    main.o(i.main) refers to main.o(.bss) for samples
    main.o(i.main) refers to main.o(.conststring) for .conststring
    queue.o(i.Q_Dequeue) refers to queue.o(i.Q_Empty) for Q_Empty
    queue.o(i.Q_Enqueue) refers to queue.o(i.Q_Full) for Q_Full
    uart.o(i.Get_Rx_Char) refers to queue.o(i.Q_Dequeue) for Q_Dequeue
    uart.o(i.Get_Rx_Char) refers to uart.o(.bss) for RxQ
    uart.o(i.Init_UART0) refers to dflti.o(.text) for __aeabi_ui2d
    uart.o(i.Init_UART0) refers to ddiv.o(.text) for __aeabi_ddiv
    uart.o(i.Init_UART0) refers to dfixui.o(.text) for __aeabi_d2uiz
    uart.o(i.Rx_Chars_Available) refers to queue.o(i.Q_Size) for Q_Size
    uart.o(i.Rx_Chars_Available) refers to uart.o(.bss) for RxQ
    uart.o(i.Send_String) refers to queue.o(i.Q_Full) for Q_Full
    uart.o(i.Send_String) refers to queue.o(i.Q_Enqueue) for Q_Enqueue
    uart.o(i.Send_String) refers to queue.o(i.Q_Dequeue) for Q_Dequeue
    uart.o(i.Send_String) refers to uart.o(.bss) for TxQ
    uart.o(i.Send_String_Poll) refers to uart.o(i.UART0_Transmit_Poll) for UART0_Transmit_Poll
    uart.o(i.UART0_IRQHandler) refers to queue.o(i.Q_Full) for Q_Full
    uart.o(i.UART0_IRQHandler) refers to queue.o(i.Q_Enqueue) for Q_Enqueue
    uart.o(i.UART0_IRQHandler) refers to queue.o(i.Q_Empty) for Q_Empty
    uart.o(i.UART0_IRQHandler) refers to queue.o(i.Q_Dequeue) for Q_Dequeue
    uart.o(i.UART0_IRQHandler) refers to uart.o(.bss) for RxQ
    startup_mkl25z4.o(STACK) refers (Special) to heapauxi.o(.text) for __use_two_region_memory
    startup_mkl25z4.o(HEAP) refers (Special) to heapauxi.o(.text) for __use_two_region_memory
    startup_mkl25z4.o(RESET) refers (Special) to heapauxi.o(.text) for __use_two_region_memory
    startup_mkl25z4.o(RESET) refers to startup_mkl25z4.o(STACK) for __initial_sp
    startup_mkl25z4.o(RESET) refers to startup_mkl25z4.o(.text) for Reset_Handler
    startup_mkl25z4.o(RESET) refers to uart.o(i.UART0_IRQHandler) for UART0_IRQHandler
    startup_mkl25z4.o(.ARM.__at_0x400) refers (Special) to heapauxi.o(.text) for __use_two_region_memory
    startup_mkl25z4.o(.text) refers (Special) to heapauxi.o(.text) for __use_two_region_memory
    startup_mkl25z4.o(.text) refers to system_mkl25z4.o(i.SystemInit) for SystemInit
    startup_mkl25z4.o(.text) refers to __main.o(!!!main) for __main
    startup_mkl25z4.o(.text) refers to startup_mkl25z4.o(HEAP) for Heap_Mem
    startup_mkl25z4.o(.text) refers to startup_mkl25z4.o(STACK) for Stack_Mem
    system_mkl25z4.o(i.SystemCoreClockUpdate) refers to aeabi_sdiv.o(.text) for __aeabi_uidivmod
    system_mkl25z4.o(i.SystemCoreClockUpdate) refers to system_mkl25z4.o(i.__ARM_common_switch8) for __ARM_common_switch8
    system_mkl25z4.o(i.SystemCoreClockUpdate) refers to system_mkl25z4.o(.data) for SystemCoreClock
    __2printf.o(.text) refers to _printf_char_file.o(.text) for _printf_char_file
    __2printf.o(.text) refers to uart.o(.data) for __stdout
    noretval__2printf.o(.text) refers to _printf_char_file.o(.text) for _printf_char_file
    noretval__2printf.o(.text) refers to uart.o(.data) for __stdout
[...]
    aeabi_idiv0_sigfpe.o(.text) refers to rt_div0.o(.text) for __rt_div0
    _printf_intcommon.o(.text) refers (Weak) to _printf_pad.o(.text) for _printf_pre_padding
    _printf_intcommon.o(.text) refers (Weak) to _printf_pad.o(.text) for _printf_pre_padding
    _printf_intcommon.o(.text) refers (Weak) to _printf_pad.o(.text) for _printf_post_padding
    _printf_fp_dec.o(.text) refers (Special) to usenofp.o(x$fpl$usenofp) for __I$use$fp
    _printf_fp_dec.o(.text) refers (Special) to lc_numeric_c.o(locale$$code) for _get_lc_numeric
    _printf_fp_dec.o(.text) refers to bigflt0.o(.text) for _btod_etento
    _printf_fp_dec.o(.text) refers to btod.o(.text) for _btod_d2e
    _printf_fp_dec.o(.text) refers to lludiv10.o(.text) for _ll_udiv10
    _printf_fp_dec.o(.text) refers to fpclassify.o(i.__ARM_fpclassify) for __ARM_fpclassify
    _printf_fp_dec.o(.text) refers to _printf_fp_infnan.o(.text) for _printf_fp_infnan
    _printf_fp_dec.o(.text) refers to rtudiv10.o(.text) for __rt_udiv10
    _printf_fp_dec.o(.text) refers (Weak) to _printf_pad.o(.text) for _printf_pre_padding
    _printf_fp_dec.o(.text) refers (Weak) to _printf_pad.o(.text) for _printf_pre_padding
    _printf_fp_dec.o(.text) refers to rt_locale_intlibspace.o(.text) for __rt_locale
    _printf_fp_dec.o(.text) refers (Weak) to _printf_pad.o(.text) for _printf_post_padding
    _printf_char_file.o(.text) refers to _printf_char_common.o(.text) for _printf_char_common
    _printf_char_file.o(.text) refers to ferror.o(.text) for ferror
    _printf_char_file.o(.text) refers to uart.o(i.fputc) for fputc
    scanf_char.o(.text) refers to _scanf.o(.text) for __vfscanf
    scanf_char.o(.text) refers to isspace.o(.text) for isspace
    scanf_char_file.o(.text) refers to scanf_char.o(.text) for __vfscanf_char
    scanf_char_file.o(.text) refers to uart.o(i.fgetc) for fgetc
    scanf_char_file.o(.text) refers to backspace.o(.text) for __backspace
    __rtentry2.o(.ARM.Collect$$rtentry$$00000008) refers to boardinit2.o(.text) for _platform_post_stackheap_init
    __rtentry2.o(.ARM.Collect$$rtentry$$0000000A) refers to libinit.o(.ARM.Collect$$libinit$$00000000) for __rt_lib_init
    __rtentry2.o(.ARM.Collect$$rtentry$$0000000B) refers to boardinit3.o(.text) for _platform_post_lib_init
    __rtentry2.o(.ARM.Collect$$rtentry$$0000000D) refers to main.o(i.main) for main
    __rtentry2.o(.ARM.Collect$$rtentry$$0000000D) refers to exit.o(.text) for exit
    __rtentry2.o(.ARM.exidx) refers to __rtentry2.o(.ARM.Collect$$rtentry$$00000001) for .ARM.Collect$$rtentry$$00000001
    __rtentry2.o(.ARM.exidx) refers to __rtentry2.o(.ARM.Collect$$rtentry$$00000008) for .ARM.Collect$$rtentry$$00000008
    __rtentry2.o(.ARM.exidx) refers to __rtentry2.o(.ARM.Collect$$rtentry$$0000000A) for .ARM.Collect$$rtentry$$0000000A
    __rtentry2.o(.ARM.exidx) refers to __rtentry2.o(.ARM.Collect$$rtentry$$0000000B) for .ARM.Collect$$rtentry$$0000000B
    __rtentry2.o(.ARM.exidx) refers to __rtentry2.o(.ARM.Collect$$rtentry$$0000000D) for .ARM.Collect$$rtentry$$0000000D
    __rtentry4.o(.ARM.Collect$$rtentry$$00000004) refers to sys_stackheap_outer.o(.text) for __user_setup_stackheap
    __rtentry4.o(.ARM.exidx) refers to __rtentry4.o(.ARM.Collect$$rtentry$$00000004) for .ARM.Collect$$rtentry$$00000004
    rt_div0.o(.text) refers to defsig_fpe_outer.o(.text) for __rt_SIGFPE
    rt_locale.o(.text) refers to rt_locale.o(.bss) for __rt_locale_data
    rt_locale_intlibspace.o(.text) refers to libspace.o(.bss) for __libspace_start
    isspace.o(.text) refers to rt_ctype_table.o(.text) for __rt_ctype_table
    _printf_char_common.o(.text) refers to __printf_wp.o(.text) for __printf
    _printf_fp_infnan.o(.text) refers (Weak) to _printf_pad.o(.text) for _printf_pre_padding
    _printf_fp_infnan.o(.text) refers (Weak) to _printf_pad.o(.text) for _printf_post_padding
    _scanf.o(.text) refers (Weak) to _scanf_int.o(.text) for _scanf_int
    _scanf.o(.text) refers (Weak) to _scanf_str.o(.text) for _scanf_string
    bigflt0.o(.text) refers (Special) to usenofp.o(x$fpl$usenofp) for __I$use$fp
    bigflt0.o(.text) refers to aeabi_sdiv.o(.text) for __aeabi_idivmod
    bigflt0.o(.text) refers to btod.o(.text) for _btod_emul
    bigflt0.o(.text) refers to bigflt0.o(.constdata) for .constdata
    bigflt0.o(.constdata) refers (Special) to usenofp.o(x$fpl$usenofp) for __I$use$fp
    btod.o(.text) refers to btod.o(i.__ARM_common_ll_muluu) for __ARM_common_ll_muluu
    backspace.o(.text) refers to ungetc.o(.text) for _ungetc_internal
    lc_numeric_c.o(locale$$data) refers (Special) to libinit2.o(.ARM.Collect$$libinit$$00000016) for __rt_lib_init_lc_numeric_2
    lc_numeric_c.o(locale$$code) refers (Special) to libinit2.o(.ARM.Collect$$libinit$$00000016) for __rt_lib_init_lc_numeric_2
    lc_numeric_c.o(locale$$code) refers to strcmp.o(.text) for strcmp
    lc_numeric_c.o(locale$$code) refers to lc_numeric_c.o(locale$$data) for __lcnum_c_name
    ieee_status.o(.text) refers (Special) to usenofp.o(x$fpl$usenofp) for __I$use$fp
    fpclassify.o(i.__ARM_fpclassify) refers (Special) to usenofp.o(x$fpl$usenofp) for __I$use$fp
    libspace.o(.text) refers to libspace.o(.bss) for __libspace_start
    sys_stackheap_outer.o(.text) refers to libspace.o(.text) for __user_perproc_libspace
    sys_stackheap_outer.o(.text) refers to startup_mkl25z4.o(.text) for __user_initial_stackheap
    sys_stackheap_outer.o(__vectab_stack_and_reset_area) refers to tempstk.o(.text) for __temporary_stack_top
    sys_stackheap_outer.o(__vectab_stack_and_reset_area) refers to __main.o(!!!main) for __main
    rt_ctype_table.o(.text) refers to rt_locale_intlibspace.o(.text) for __rt_locale
    rt_ctype_table.o(.text) refers to lc_ctype_c.o(locale$$code) for _get_lc_ctype
    exit.o(.text) refers to rtexit.o(.ARM.Collect$$rtexit$$00000000) for __rt_exit
    defsig_fpe_outer.o(.text) refers to defsig_fpe_inner.o(.text) for __rt_SIGFPE_inner
    defsig_fpe_outer.o(.text) refers to defsig_exit.o(.text) for __sig_exit
    defsig_fpe_formal.o(.text) refers to rt_raise.o(.text) for __rt_raise
    libinit.o(.ARM.Collect$$libinit$$00000000) refers (Special) to libinit2.o(.ARM.Collect$$libinit$$0000002E) for __rt_lib_init_alloca_1
    libinit.o(.ARM.Collect$$libinit$$00000000) refers (Special) to libinit2.o(.ARM.Collect$$libinit$$0000002C) for __rt_lib_init_argv_1
    libinit.o(.ARM.Collect$$libinit$$00000000) refers (Special) to libinit2.o(.ARM.Collect$$libinit$$0000001B) for __rt_lib_init_atexit_1
    libinit.o(.ARM.Collect$$libinit$$00000000) refers (Special) to libinit2.o(.ARM.Collect$$libinit$$00000021) for __rt_lib_init_clock_1
    libinit.o(.ARM.Collect$$libinit$$00000000) refers (Special) to libinit2.o(.ARM.Collect$$libinit$$00000032) for __rt_lib_init_cpp_1
    libinit.o(.ARM.Collect$$libinit$$00000000) refers (Special) to libinit2.o(.ARM.Collect$$libinit$$00000030) for __rt_lib_init_exceptions_1
    libinit.o(.ARM.Collect$$libinit$$00000000) refers (Special) to libinit2.o(.ARM.Collect$$libinit$$00000002) for __rt_lib_init_fp_1
    libinit.o(.ARM.Collect$$libinit$$00000000) refers (Special) to libinit2.o(.ARM.Collect$$libinit$$0000001F) for __rt_lib_init_fp_trap_1
    libinit.o(.ARM.Collect$$libinit$$00000000) refers (Special) to libinit2.o(.ARM.Collect$$libinit$$00000023) for __rt_lib_init_getenv_1
    libinit.o(.ARM.Collect$$libinit$$00000000) refers (Special) to libinit2.o(.ARM.Collect$$libinit$$0000000A) for __rt_lib_init_heap_1
    libinit.o(.ARM.Collect$$libinit$$00000000) refers (Special) to libinit2.o(.ARM.Collect$$libinit$$00000011) for __rt_lib_init_lc_collate_1
    libinit.o(.ARM.Collect$$libinit$$00000000) refers (Special) to libinit2.o(.ARM.Collect$$libinit$$00000013) for __rt_lib_init_lc_ctype_1
    libinit.o(.ARM.Collect$$libinit$$00000000) refers (Special) to libinit2.o(.ARM.Collect$$libinit$$00000015) for __rt_lib_init_lc_monetary_1
    libinit.o(.ARM.Collect$$libinit$$00000000) refers (Special) to libinit2.o(.ARM.Collect$$libinit$$00000017) for __rt_lib_init_lc_numeric_1
    libinit.o(.ARM.Collect$$libinit$$00000000) refers (Special) to libinit2.o(.ARM.Collect$$libinit$$00000019) for __rt_lib_init_lc_time_1
    libinit.o(.ARM.Collect$$libinit$$00000000) refers (Special) to libinit2.o(.ARM.Collect$$libinit$$00000004) for __rt_lib_init_preinit_1
    libinit.o(.ARM.Collect$$libinit$$00000000) refers (Special) to libinit2.o(.ARM.Collect$$libinit$$0000000E) for __rt_lib_init_rand_1
    libinit.o(.ARM.Collect$$libinit$$00000000) refers (Special) to libinit2.o(.ARM.Collect$$libinit$$00000033) for __rt_lib_init_return
    libinit.o(.ARM.Collect$$libinit$$00000000) refers (Special) to libinit2.o(.ARM.Collect$$libinit$$0000001D) for __rt_lib_init_signal_1
    libinit.o(.ARM.Collect$$libinit$$00000000) refers (Special) to libinit2.o(.ARM.Collect$$libinit$$00000025) for __rt_lib_init_stdio_1
    libinit.o(.ARM.Collect$$libinit$$00000000) refers (Special) to libinit2.o(.ARM.Collect$$libinit$$0000000C) for __rt_lib_init_user_alloc_1
    libinit2.o(.ARM.Collect$$libinit$$0000000F) refers (Weak) to rt_locale_intlibspace.o(.text) for __rt_locale
    libinit2.o(.ARM.Collect$$libinit$$00000010) refers to libinit2.o(.ARM.Collect$$libinit$$0000000F) for .ARM.Collect$$libinit$$0000000F
    libinit2.o(.ARM.Collect$$libinit$$00000012) refers to libinit2.o(.ARM.Collect$$libinit$$0000000F) for .ARM.Collect$$libinit$$0000000F
    libinit2.o(.ARM.Collect$$libinit$$00000012) refers (Weak) to lc_ctype_c.o(locale$$code) for _get_lc_ctype
    libinit2.o(.ARM.Collect$$libinit$$00000014) refers to libinit2.o(.ARM.Collect$$libinit$$0000000F) for .ARM.Collect$$libinit$$0000000F
    libinit2.o(.ARM.Collect$$libinit$$00000016) refers to libinit2.o(.ARM.Collect$$libinit$$0000000F) for .ARM.Collect$$libinit$$0000000F
    libinit2.o(.ARM.Collect$$libinit$$00000016) refers (Weak) to lc_numeric_c.o(locale$$code) for _get_lc_numeric
    libinit2.o(.ARM.Collect$$libinit$$00000018) refers to libinit2.o(.ARM.Collect$$libinit$$0000000F) for .ARM.Collect$$libinit$$0000000F
    libinit2.o(.ARM.Collect$$libinit$$00000026) refers to argv_veneer.o(.text) for __ARM_argv_veneer
    libinit2.o(.ARM.Collect$$libinit$$00000027) refers to argv_veneer.o(.text) for __ARM_argv_veneer
    rtexit.o(.ARM.Collect$$rtexit$$00000000) refers (Special) to rtexit2.o(.ARM.Collect$$rtexit$$00000004) for __rt_exit_exit
    rtexit.o(.ARM.Collect$$rtexit$$00000000) refers (Special) to rtexit2.o(.ARM.Collect$$rtexit$$00000003) for __rt_exit_ls
    rtexit.o(.ARM.Collect$$rtexit$$00000000) refers (Special) to rtexit2.o(.ARM.Collect$$rtexit$$00000002) for __rt_exit_prels_1
    rtexit.o(.ARM.exidx) refers (Special) to rtexit2.o(.ARM.Collect$$rtexit$$00000004) for __rt_exit_exit
    rtexit.o(.ARM.exidx) refers (Special) to rtexit2.o(.ARM.Collect$$rtexit$$00000003) for __rt_exit_ls
    rtexit.o(.ARM.exidx) refers (Special) to rtexit2.o(.ARM.Collect$$rtexit$$00000002) for __rt_exit_prels_1
    rtexit.o(.ARM.exidx) refers to rtexit.o(.ARM.Collect$$rtexit$$00000000) for .ARM.Collect$$rtexit$$00000000
    rt_raise.o(.text) refers to __raise.o(.text) for __raise
    rt_raise.o(.text) refers to sys_exit.o(.text) for _sys_exit
    lc_ctype_c.o(locale$$data) refers (Special) to libinit2.o(.ARM.Collect$$libinit$$00000012) for __rt_lib_init_lc_ctype_2
    lc_ctype_c.o(locale$$code) refers (Special) to libinit2.o(.ARM.Collect$$libinit$$00000012) for __rt_lib_init_lc_ctype_2
    lc_ctype_c.o(locale$$code) refers to strcmp.o(.text) for strcmp
    lc_ctype_c.o(locale$$code) refers to lc_ctype_c.o(locale$$data) for __lcctype_c_name
    defsig_exit.o(.text) refers to sys_exit.o(.text) for _sys_exit
    defsig_fpe_inner.o(.text) refers to defsig_general.o(.text) for __default_signal_display
    sys_exit.o(.text) refers (Special) to use_no_semi.o(.text) for __I$use$semihosting
    sys_exit.o(.text) refers (Special) to indicate_semi.o(.text) for __semihosting_library_function
    rtexit2.o(.ARM.Collect$$rtexit$$00000003) refers to libshutdown.o(.ARM.Collect$$libshutdown$$00000000) for __rt_lib_shutdown
    rtexit2.o(.ARM.Collect$$rtexit$$00000004) refers to sys_exit.o(.text) for _sys_exit
    rtexit2.o(.ARM.exidx) refers to rtexit2.o(.ARM.Collect$$rtexit$$00000001) for .ARM.Collect$$rtexit$$00000001
    rtexit2.o(.ARM.exidx) refers to rtexit2.o(.ARM.Collect$$rtexit$$00000003) for .ARM.Collect$$rtexit$$00000003
    rtexit2.o(.ARM.exidx) refers to rtexit2.o(.ARM.Collect$$rtexit$$00000004) for .ARM.Collect$$rtexit$$00000004
    __raise.o(.text) refers to defsig.o(CL$$defsig) for __default_signal_handler
    defsig_general.o(.text) refers to sys_wrch.o(.text) for _ttywrch
    _get_argv_nomalloc.o(.text) refers (Special) to hrguard.o(.text) for __heap_region$guard
    _get_argv_nomalloc.o(.text) refers to defsig_rtmem_outer.o(.text) for __rt_SIGRTMEM
    _get_argv_nomalloc.o(.text) refers to sys_command.o(.text) for _sys_command_string
    sys_wrch.o(.text) refers (Special) to use_no_semi.o(.text) for __I$use$semihosting
    sys_wrch.o(.text) refers (Special) to indicate_semi.o(.text) for __semihosting_library_function
    sys_command.o(.text) refers (Special) to use_no_semi.o(.text) for __I$use$semihosting
    sys_command.o(.text) refers (Special) to indicate_semi.o(.text) for __semihosting_library_function
    defsig_rtmem_outer.o(.text) refers to defsig_rtmem_inner.o(.text) for __rt_SIGRTMEM_inner
    defsig_rtmem_outer.o(.text) refers to defsig_exit.o(.text) for __sig_exit
    defsig_rtmem_formal.o(.text) refers to rt_raise.o(.text) for __rt_raise
    defsig.o(CL$$defsig) refers to defsig_fpe_inner.o(.text) for __rt_SIGFPE_inner
    defsig.o(CL$$defsig) refers to defsig_rtmem_inner.o(.text) for __rt_SIGRTMEM_inner
    libshutdown.o(.ARM.Collect$$libshutdown$$00000000) refers (Special) to libshutdown2.o(.ARM.Collect$$libshutdown$$00000002) for __rt_lib_shutdown_cpp_1
    libshutdown.o(.ARM.Collect$$libshutdown$$00000000) refers (Special) to libshutdown2.o(.ARM.Collect$$libshutdown$$00000007) for __rt_lib_shutdown_fp_trap_1
    libshutdown.o(.ARM.Collect$$libshutdown$$00000000) refers (Special) to libshutdown2.o(.ARM.Collect$$libshutdown$$0000000F) for __rt_lib_shutdown_heap_1
    libshutdown.o(.ARM.Collect$$libshutdown$$00000000) refers (Special) to libshutdown2.o(.ARM.Collect$$libshutdown$$00000010) for __rt_lib_shutdown_return
    libshutdown.o(.ARM.Collect$$libshutdown$$00000000) refers (Special) to libshutdown2.o(.ARM.Collect$$libshutdown$$0000000A) for __rt_lib_shutdown_signal_1
    libshutdown.o(.ARM.Collect$$libshutdown$$00000000) refers (Special) to libshutdown2.o(.ARM.Collect$$libshutdown$$00000004) for __rt_lib_shutdown_stdio_1
    libshutdown.o(.ARM.Collect$$libshutdown$$00000000) refers (Special) to libshutdown2.o(.ARM.Collect$$libshutdown$$0000000C) for __rt_lib_shutdown_user_alloc_1
    defsig_abrt_inner.o(.text) refers to defsig_general.o(.text) for __default_signal_display
    defsig_rtred_inner.o(.text) refers to defsig_general.o(.text) for __default_signal_display
    defsig_rtmem_inner.o(.text) refers to defsig_general.o(.text) for __default_signal_display
    defsig_stak_inner.o(.text) refers to defsig_general.o(.text) for __default_signal_display
    defsig_pvfn_inner.o(.text) refers to defsig_general.o(.text) for __default_signal_display
    defsig_cppl_inner.o(.text) refers to defsig_general.o(.text) for __default_signal_display
    defsig_segv_inner.o(.text) refers to defsig_general.o(.text) for __default_signal_display
    defsig_other.o(.text) refers to defsig_general.o(.text) for __default_signal_display


==============================================================================

Removing Unused input sections from the image.

    Removing main.o(.rev16_text), (4 bytes).
    Removing main.o(.revsh_text), (4 bytes).
    Removing queue.o(.rev16_text), (4 bytes).
    Removing queue.o(.revsh_text), (4 bytes).
    Removing queue.o(i.Q_Init), (28 bytes).
    Removing queue.o(i.Q_Size), (6 bytes).
    Removing uart.o(.rev16_text), (4 bytes).
    Removing uart.o(.revsh_text), (4 bytes).
    Removing uart.o(i.Get_Rx_Char), (16 bytes).
    Removing uart.o(i.Rx_Chars_Available), (16 bytes).
    Removing uart.o(i.Send_String), (80 bytes).
    Removing uart.o(i.Send_String_Poll), (22 bytes).
    Removing uart.o(i.UART0_Receive_Poll), (24 bytes).
    Removing uart.o(i.UART0_Transmit_Poll), (24 bytes).
    Removing delay.o(.rev16_text), (4 bytes).
    Removing delay.o(.revsh_text), (4 bytes).
    Removing leds.o(.rev16_text), (4 bytes).
    Removing leds.o(.revsh_text), (4 bytes).
    Removing system_mkl25z4.o(.rev16_text), (4 bytes).
    Removing system_mkl25z4.o(.revsh_text), (4 bytes).
    Removing system_mkl25z4.o(i.SystemCoreClockUpdate), (400 bytes).
    Removing system_mkl25z4.o(.data), (4 bytes).
    Removing system_mkl25z4.o(i.__ARM_common_switch8), (28 bytes).

23 unused section(s) (total 696 bytes) removed from the image.

==============================================================================

Image Symbol Table

    Local Symbols

    Symbol Name                              Value     Ov Type        Size  Object(Section)

    RESET                                    0x00000000   Section      192  startup_mkl25z4.o(RESET)
    ../clib/angel/boardlib.s                 0x00000000   Number         0  boardshut.o ABSOLUTE
    ../clib/angel/boardlib.s                 0x00000000   Number         0  boardinit2.o ABSOLUTE
    ../clib/angel/boardlib.s                 0x00000000   Number         0  boardinit1.o ABSOLUTE
    ../clib/angel/boardlib.s                 0x00000000   Number         0  boardinit3.o ABSOLUTE
    ../clib/angel/handlers.s                 0x00000000   Number         0  __scatter_zi.o ABSOLUTE
    ../clib/angel/handlers.s                 0x00000000   Number         0  __scatter_copy.o ABSOLUTE
    ../clib/angel/kernel.s                   0x00000000   Number         0  rtexit2.o ABSOLUTE
    ../clib/angel/kernel.s                   0x00000000   Number         0  __rtentry.o ABSOLUTE
    ../clib/angel/kernel.s                   0x00000000   Number         0  __rtentry4.o ABSOLUTE
    ../clib/angel/kernel.s                   0x00000000   Number         0  __rtentry2.o ABSOLUTE
    ../clib/angel/kernel.s                   0x00000000   Number         0  rtexit.o ABSOLUTE
    ../clib/angel/rt.s                       0x00000000   Number         0  rt_div0.o ABSOLUTE
    ../clib/angel/rt.s                       0x00000000   Number         0  rt_raise.o ABSOLUTE
    ../clib/angel/rt.s                       0x00000000   Number         0  rt_ctype_table.o ABSOLUTE
    ../clib/angel/rt.s                       0x00000000   Number         0  aeabi_idiv0_sigfpe.o ABSOLUTE
    ../clib/angel/rt.s                       0x00000000   Number         0  rt_locale_intlibspace.o ABSOLUTE
    ../clib/angel/rt.s                       0x00000000   Number         0  aeabi_idiv0.o ABSOLUTE
    ../clib/angel/rt.s                       0x00000000   Number         0  rt_locale.o ABSOLUTE
    ../clib/angel/scatterp.s                 0x00000000   Number         0  __scatter.o ABSOLUTE
    ../clib/angel/startup.s                  0x00000000   Number         0  __main.o ABSOLUTE
    ../clib/angel/sys.s                      0x00000000   Number         0  libspace.o ABSOLUTE
    ../clib/angel/sys.s                      0x00000000   Number         0  tempstk.o ABSOLUTE
    ../clib/angel/sys.s                      0x00000000   Number         0  use_no_semi.o ABSOLUTE
    ../clib/angel/sys.s                      0x00000000   Number         0  indicate_semi.o ABSOLUTE
    ../clib/angel/sys.s                      0x00000000   Number         0  sys_stackheap_outer.o ABSOLUTE
    ../clib/angel/sysapp.c                   0x00000000   Number         0  sys_wrch.o ABSOLUTE
    ../clib/angel/sysapp.c                   0x00000000   Number         0  sys_exit.o ABSOLUTE
    ../clib/angel/sysapp.c                   0x00000000   Number         0  sys_command.o ABSOLUTE
    ../clib/armsys.c                         0x00000000   Number         0  _get_argv_nomalloc.o ABSOLUTE
    ../clib/armsys.c                         0x00000000   Number         0  no_argv.o ABSOLUTE
    ../clib/armsys.c                         0x00000000   Number         0  argv_veneer.o ABSOLUTE
    ../clib/bigflt.c                         0x00000000   Number         0  bigflt0.o ABSOLUTE
    ../clib/btod.c                           0x00000000   Number         0  btod.o ABSOLUTE
    ../clib/ctype.c                          0x00000000   Number         0  isspace.o ABSOLUTE
    ../clib/division.c                       0x00000000   Number         0  rtudiv10.o ABSOLUTE
    ../clib/division.c                       0x00000000   Number         0  lludiv10.o ABSOLUTE
    ../clib/division.s                       0x00000000   Number         0  aeabi_sdiv_div0.o ABSOLUTE
    ../clib/division.s                       0x00000000   Number         0  aeabi_sdiv.o ABSOLUTE
    ../clib/heapalloc.c                      0x00000000   Number         0  hrguard.o ABSOLUTE
    ../clib/heapaux.c                        0x00000000   Number         0  heapauxi.o ABSOLUTE
    ../clib/libinit.s                        0x00000000   Number         0  libshutdown2.o ABSOLUTE
    ../clib/libinit.s                        0x00000000   Number         0  libshutdown.o ABSOLUTE
    ../clib/libinit.s                        0x00000000   Number         0  libinit2.o ABSOLUTE
    ../clib/libinit.s                        0x00000000   Number         0  libinit.o ABSOLUTE
    ../clib/locale.s                         0x00000000   Number         0  lc_numeric_c.o ABSOLUTE
    ../clib/locale.s                         0x00000000   Number         0  lc_ctype_c.o ABSOLUTE
    ../clib/misc.s                           0x00000000   Number         0  printf_stubs.o ABSOLUTE
    ../clib/printf.c                         0x00000000   Number         0  _printf_fp_infnan.o ABSOLUTE
    ../clib/printf.c                         0x00000000   Number         0  __printf_flags.o ABSOLUTE
    ../clib/printf.c                         0x00000000   Number         0  __printf_ss.o ABSOLUTE
    ../clib/printf.c                         0x00000000   Number         0  __printf_flags_ss.o ABSOLUTE
    ../clib/printf.c                         0x00000000   Number         0  __printf_wp.o ABSOLUTE
    ../clib/printf.c                         0x00000000   Number         0  __printf_flags_wp.o ABSOLUTE
    ../clib/printf.c                         0x00000000   Number         0  __printf_ss_wp.o ABSOLUTE
    ../clib/printf.c                         0x00000000   Number         0  __printf_flags_ss_wp.o ABSOLUTE
    ../clib/printf.c                         0x00000000   Number         0  _printf_dec.o ABSOLUTE
    ../clib/printf.c                         0x00000000   Number         0  _printf_char_file.o ABSOLUTE
    ../clib/printf.c                         0x00000000   Number         0  _printf_char_common.o ABSOLUTE
    ../clib/printf.c                         0x00000000   Number         0  _printf_fp_dec.o ABSOLUTE
    ../clib/printf.c                         0x00000000   Number         0  _printf_intcommon.o ABSOLUTE
    ../clib/printf.c                         0x00000000   Number         0  __printf_nopercent.o ABSOLUTE
    ../clib/printf.c                         0x00000000   Number         0  _printf_pad.o ABSOLUTE
    ../clib/printf.c                         0x00000000   Number         0  __2printf.o ABSOLUTE
    ../clib/printf.c                         0x00000000   Number         0  noretval__2printf.o ABSOLUTE
    ../clib/printf.c                         0x00000000   Number         0  __printf.o ABSOLUTE
    ../clib/printf_percent.s                 0x00000000   Number         0  _printf_percent_end.o ABSOLUTE
    ../clib/printf_percent.s                 0x00000000   Number         0  _printf_d.o ABSOLUTE
    ../clib/printf_percent.s                 0x00000000   Number         0  _printf_f.o ABSOLUTE
    ../clib/printf_percent.s                 0x00000000   Number         0  _printf_percent.o ABSOLUTE
    ../clib/scanf.c                          0x00000000   Number         0  scanf_char.o ABSOLUTE
    ../clib/scanf.c                          0x00000000   Number         0  __0sscanf.o ABSOLUTE
    ../clib/scanf.c                          0x00000000   Number         0  _scanf_int.o ABSOLUTE
    ../clib/scanf.c                          0x00000000   Number         0  _chval.o ABSOLUTE
    ../clib/scanf.c                          0x00000000   Number         0  _scanf.o ABSOLUTE
    ../clib/scanf.c                          0x00000000   Number         0  scanf_char_file.o ABSOLUTE
    ../clib/scanf.c                          0x00000000   Number         0  _sgetc.o ABSOLUTE
    ../clib/scanf.c                          0x00000000   Number         0  __0scanf.o ABSOLUTE
    ../clib/scanf.c                          0x00000000   Number         0  _scanf_str.o ABSOLUTE
    ../clib/signal.c                         0x00000000   Number         0  __raise.o ABSOLUTE
    ../clib/signal.c                         0x00000000   Number         0  defsig_general.o ABSOLUTE
    ../clib/signal.c                         0x00000000   Number         0  defsig_rtmem_outer.o ABSOLUTE
    ../clib/signal.c                         0x00000000   Number         0  defsig_rtmem_formal.o ABSOLUTE
    ../clib/signal.c                         0x00000000   Number         0  defsig_abrt_inner.o ABSOLUTE
    ../clib/signal.c                         0x00000000   Number         0  defsig_rtred_inner.o ABSOLUTE
    ../clib/signal.c                         0x00000000   Number         0  defsig_rtmem_inner.o ABSOLUTE
    ../clib/signal.c                         0x00000000   Number         0  defsig_stak_inner.o ABSOLUTE
    ../clib/signal.c                         0x00000000   Number         0  defsig_pvfn_inner.o ABSOLUTE
    ../clib/signal.c                         0x00000000   Number         0  defsig_exit.o ABSOLUTE
    ../clib/signal.c                         0x00000000   Number         0  defsig_fpe_formal.o ABSOLUTE
    ../clib/signal.c                         0x00000000   Number         0  defsig_fpe_inner.o ABSOLUTE
    ../clib/signal.c                         0x00000000   Number         0  defsig_fpe_outer.o ABSOLUTE
    ../clib/signal.c                         0x00000000   Number         0  defsig_cppl_inner.o ABSOLUTE
    ../clib/signal.c                         0x00000000   Number         0  defsig_segv_inner.o ABSOLUTE
    ../clib/signal.c                         0x00000000   Number         0  defsig_other.o ABSOLUTE
    ../clib/signal.s                         0x00000000   Number         0  defsig.o ABSOLUTE
    ../clib/stdio.c                          0x00000000   Number         0  ferror_locked.o ABSOLUTE
    ../clib/stdio.c                          0x00000000   Number         0  backspace_locked.o ABSOLUTE
    ../clib/stdio.c                          0x00000000   Number         0  ferror.o ABSOLUTE
    ../clib/stdio.c                          0x00000000   Number         0  ungetc.o ABSOLUTE
    ../clib/stdio.c                          0x00000000   Number         0  backspace.o ABSOLUTE
    ../clib/stdlib.c                         0x00000000   Number         0  exit.o ABSOLUTE
    ../clib/string.c                         0x00000000   Number         0  strcmp.o ABSOLUTE
    ../fplib/cfplib/d2f.c                    0x00000000   Number         0  d2f.o ABSOLUTE
    ../fplib/cfplib/ddiv.c                   0x00000000   Number         0  ddiv.o ABSOLUTE
    ../fplib/cfplib/dmul.c                   0x00000000   Number         0  dmul.o ABSOLUTE
    ../fplib/cfplib/f2d.c                    0x00000000   Number         0  f2d.o ABSOLUTE
    ../fplib/cfplib/ffix.c                   0x00000000   Number         0  dfixui.o ABSOLUTE
    ../fplib/cfplib/fflt.c                   0x00000000   Number         0  dflti.o ABSOLUTE
    ../fplib/cfplib/fpinit.c                 0x00000000   Number         0  fpinit.o ABSOLUTE
    ../fplib/cfplib/ieee_status.c            0x00000000   Number         0  ieee_status.o ABSOLUTE
    ../fplib/printf1.s                       0x00000000   Number         0  printf1.o ABSOLUTE
    ../fplib/usenofp.s                       0x00000000   Number         0  usenofp.o ABSOLUTE
    ../mathlib/fpclassify.c                  0x00000000   Number         0  fpclassify.o ABSOLUTE
    RTE\Device\MKL25Z128xxx4\startup_MKL25Z4.s 0x00000000   Number         0  startup_mkl25z4.o ABSOLUTE
    RTE\Device\MKL25Z128xxx4\system_MKL25Z4.c 0x00000000   Number         0  system_mkl25z4.o ABSOLUTE
    RTE\\Device\\MKL25Z128xxx4\\system_MKL25Z4.c 0x00000000   Number         0  system_mkl25z4.o ABSOLUTE
    dc.s                                     0x00000000   Number         0  dc.o ABSOLUTE
    src\LEDs.c                               0x00000000   Number         0  leds.o ABSOLUTE
    src\UART.c                               0x00000000   Number         0  uart.o ABSOLUTE
    src\\LEDs.c                              0x00000000   Number         0  leds.o ABSOLUTE
    src\\UART.c                              0x00000000   Number         0  uart.o ABSOLUTE
    src\\delay.c                             0x00000000   Number         0  delay.o ABSOLUTE
    src\\main.c                              0x00000000   Number         0  main.o ABSOLUTE
    src\\queue.c                             0x00000000   Number         0  queue.o ABSOLUTE
    src\delay.c                              0x00000000   Number         0  delay.o ABSOLUTE
    src\main.c                               0x00000000   Number         0  main.o ABSOLUTE
    src\queue.c                              0x00000000   Number         0  queue.o ABSOLUTE
    !!!main                                  0x000000c0   Section        8  __main.o(!!!main)
    !!!scatter                               0x000000c8   Section       60  __scatter.o(!!!scatter)
    !!handler_copy                           0x00000104   Section       26  __scatter_copy.o(!!handler_copy)
    !!handler_zi                             0x00000120   Section       28  __scatter_zi.o(!!handler_zi)
    .ARM.Collect$$_printf_percent$$00000000  0x0000013c   Section        2  _printf_percent.o(.ARM.Collect$$_printf_percent$$00000000)
    .ARM.Collect$$_printf_percent$$00000003  0x0000013e   Section       10  _printf_f.o(.ARM.Collect$$_printf_percent$$00000003)
    .ARM.Collect$$_printf_percent$$00000009  0x00000148   Section       10  _printf_d.o(.ARM.Collect$$_printf_percent$$00000009)
    .ARM.Collect$$_printf_percent$$00000017  0x00000152   Section        4  _printf_percent_end.o(.ARM.Collect$$_printf_percent$$00000017)
    .ARM.Collect$$libinit$$00000000          0x00000156   Section        2  libinit.o(.ARM.Collect$$libinit$$00000000)
    .ARM.Collect$$libinit$$00000002          0x00000158   Section        0  libinit2.o(.ARM.Collect$$libinit$$00000002)
    .ARM.Collect$$libinit$$00000004          0x00000158   Section        0  libinit2.o(.ARM.Collect$$libinit$$00000004)
    .ARM.Collect$$libinit$$0000000A          0x00000158   Section        0  libinit2.o(.ARM.Collect$$libinit$$0000000A)
    .ARM.Collect$$libinit$$0000000C          0x00000158   Section        0  libinit2.o(.ARM.Collect$$libinit$$0000000C)
    .ARM.Collect$$libinit$$0000000E          0x00000158   Section        0  libinit2.o(.ARM.Collect$$libinit$$0000000E)
    .ARM.Collect$$libinit$$0000000F          0x00000158   Section        6  libinit2.o(.ARM.Collect$$libinit$$0000000F)
    .ARM.Collect$$libinit$$00000011          0x0000015e   Section        0  libinit2.o(.ARM.Collect$$libinit$$00000011)
    .ARM.Collect$$libinit$$00000012          0x0000015e   Section       12  libinit2.o(.ARM.Collect$$libinit$$00000012)
    .ARM.Collect$$libinit$$00000013          0x0000016a   Section        0  libinit2.o(.ARM.Collect$$libinit$$00000013)
    .ARM.Collect$$libinit$$00000015          0x0000016a   Section        0  libinit2.o(.ARM.Collect$$libinit$$00000015)
    .ARM.Collect$$libinit$$00000016          0x0000016a   Section       10  libinit2.o(.ARM.Collect$$libinit$$00000016)
    .ARM.Collect$$libinit$$00000017          0x00000174   Section        0  libinit2.o(.ARM.Collect$$libinit$$00000017)
    .ARM.Collect$$libinit$$00000019          0x00000174   Section        0  libinit2.o(.ARM.Collect$$libinit$$00000019)
    .ARM.Collect$$libinit$$0000001B          0x00000174   Section        0  libinit2.o(.ARM.Collect$$libinit$$0000001B)
    .ARM.Collect$$libinit$$0000001D          0x00000174   Section        0  libinit2.o(.ARM.Collect$$libinit$$0000001D)
    .ARM.Collect$$libinit$$0000001F          0x00000174   Section        0  libinit2.o(.ARM.Collect$$libinit$$0000001F)
    .ARM.Collect$$libinit$$00000021          0x00000174   Section        0  libinit2.o(.ARM.Collect$$libinit$$00000021)
    .ARM.Collect$$libinit$$00000023          0x00000174   Section        0  libinit2.o(.ARM.Collect$$libinit$$00000023)
    .ARM.Collect$$libinit$$00000025          0x00000174   Section        0  libinit2.o(.ARM.Collect$$libinit$$00000025)
    .ARM.Collect$$libinit$$0000002C          0x00000174   Section        0  libinit2.o(.ARM.Collect$$libinit$$0000002C)
    .ARM.Collect$$libinit$$0000002E          0x00000174   Section        0  libinit2.o(.ARM.Collect$$libinit$$0000002E)
    .ARM.Collect$$libinit$$00000030          0x00000174   Section        0  libinit2.o(.ARM.Collect$$libinit$$00000030)
    .ARM.Collect$$libinit$$00000032          0x00000174   Section        0  libinit2.o(.ARM.Collect$$libinit$$00000032)
    .ARM.Collect$$libinit$$00000033          0x00000174   Section        2  libinit2.o(.ARM.Collect$$libinit$$00000033)
    .ARM.Collect$$libshutdown$$00000000      0x00000176   Section        2  libshutdown.o(.ARM.Collect$$libshutdown$$00000000)
    .ARM.Collect$$libshutdown$$00000002      0x00000178   Section        0  libshutdown2.o(.ARM.Collect$$libshutdown$$00000002)
    .ARM.Collect$$libshutdown$$00000004      0x00000178   Section        0  libshutdown2.o(.ARM.Collect$$libshutdown$$00000004)
    .ARM.Collect$$libshutdown$$00000007      0x00000178   Section        0  libshutdown2.o(.ARM.Collect$$libshutdown$$00000007)
    .ARM.Collect$$libshutdown$$0000000A      0x00000178   Section        0  libshutdown2.o(.ARM.Collect$$libshutdown$$0000000A)
    .ARM.Collect$$libshutdown$$0000000C      0x00000178   Section        0  libshutdown2.o(.ARM.Collect$$libshutdown$$0000000C)
    .ARM.Collect$$libshutdown$$0000000F      0x00000178   Section        0  libshutdown2.o(.ARM.Collect$$libshutdown$$0000000F)
    .ARM.Collect$$libshutdown$$00000010      0x00000178   Section        2  libshutdown2.o(.ARM.Collect$$libshutdown$$00000010)
    .ARM.Collect$$rtentry$$00000000          0x0000017a   Section        0  __rtentry.o(.ARM.Collect$$rtentry$$00000000)
    .ARM.Collect$$rtentry$$00000002          0x0000017a   Section        0  __rtentry2.o(.ARM.Collect$$rtentry$$00000002)
    .ARM.Collect$$rtentry$$00000004          0x0000017a   Section        6  __rtentry4.o(.ARM.Collect$$rtentry$$00000004)
    .ARM.Collect$$rtentry$$00000009          0x00000180   Section        0  __rtentry2.o(.ARM.Collect$$rtentry$$00000009)
    .ARM.Collect$$rtentry$$0000000A          0x00000180   Section        4  __rtentry2.o(.ARM.Collect$$rtentry$$0000000A)
    .ARM.Collect$$rtentry$$0000000C          0x00000184   Section        0  __rtentry2.o(.ARM.Collect$$rtentry$$0000000C)
    .ARM.Collect$$rtentry$$0000000D          0x00000184   Section        8  __rtentry2.o(.ARM.Collect$$rtentry$$0000000D)
    .ARM.Collect$$rtexit$$00000000           0x0000018c   Section        2  rtexit.o(.ARM.Collect$$rtexit$$00000000)
    .ARM.Collect$$rtexit$$00000002           0x0000018e   Section        0  rtexit2.o(.ARM.Collect$$rtexit$$00000002)
    .ARM.Collect$$rtexit$$00000003           0x0000018e   Section        4  rtexit2.o(.ARM.Collect$$rtexit$$00000003)
    .ARM.Collect$$rtexit$$00000004           0x00000192   Section        6  rtexit2.o(.ARM.Collect$$rtexit$$00000004)
    .text                                    0x00000198   Section       64  startup_mkl25z4.o(.text)
    .text                                    0x000001d8   Section        0  noretval__2printf.o(.text)
    .text                                    0x000001f4   Section        0  _printf_pad.o(.text)
    .text                                    0x00000244   Section        0  _printf_dec.o(.text)
    .text                                    0x000002b0   Section        0  __printf_wp.o(.text)
    .text                                    0x000003c0   Section        0  __0scanf.o(.text)
    .text                                    0x000003e0   Section        0  heapauxi.o(.text)
    .text                                    0x000003e8   Section        8  rt_locale_intlibspace.o(.text)
    .text                                    0x000003f0   Section        0  ferror.o(.text)
    .text                                    0x000003f8   Section        8  libspace.o(.text)
    .ARM.__at_0x400                          0x00000400   Section       16  startup_mkl25z4.o(.ARM.__at_0x400)
    .text                                    0x00000410   Section        0  __0sscanf.o(.text)
    .text                                    0x00000450   Section        0  _scanf_int.o(.text)
    .text                                    0x0000059a   Section        0  _scanf_str.o(.text)
    .text                                    0x00000682   Section      346  aeabi_sdiv.o(.text)
    .text                                    0x000007dc   Section        0  d2f.o(.text)
    .text                                    0x00000858   Section        0  ddiv.o(.text)
    .text                                    0x00000ca0   Section        0  dfixui.o(.text)
    .text                                    0x00000ce8   Section        0  dflti.o(.text)
    .text                                    0x00000d40   Section        0  dmul.o(.text)
    .text                                    0x00000f88   Section        0  f2d.o(.text)
    .text                                    0x00000fdc   Section        0  _printf_intcommon.o(.text)
    .text                                    0x0000108c   Section        0  _printf_fp_dec.o(.text)
    _fp_digits                               0x0000108f   Thumb Code   412  _printf_fp_dec.o(.text)
    .text                                    0x000014a4   Section        0  _printf_char_file.o(.text)
    .text                                    0x000014cc   Section        0  _chval.o(.text)
    .text                                    0x000014ec   Section        0  scanf_char.o(.text)
    _scanf_char_input                        0x000014ed   Thumb Code    12  scanf_char.o(.text)
    .text                                    0x0000151c   Section        0  _sgetc.o(.text)
    .text                                    0x00001560   Section        0  scanf_char_file.o(.text)
    .text                                    0x0000157c   Section        0  rtudiv10.o(.text)
    .text                                    0x000015a4   Section        0  lludiv10.o(.text)
    .text                                    0x0000161e   Section        0  isspace.o(.text)
    .text                                    0x00001630   Section        0  _printf_char_common.o(.text)
    _printf_input_char                       0x00001631   Thumb Code    10  _printf_char_common.o(.text)
    .text                                    0x00001660   Section        0  _printf_fp_infnan.o(.text)
    .text                                    0x000016e8   Section        0  _scanf.o(.text)
    .text                                    0x00001a68   Section        0  bigflt0.o(.text)
    .text                                    0x00001b40   Section        0  btod.o(.text)
    btod_internal_mul                        0x00001b81   Thumb Code   492  btod.o(.text)
    btod_internal_div                        0x00001d6d   Thumb Code   520  btod.o(.text)
    .text                                    0x000020c0   Section        0  backspace.o(.text)
    .text                                    0x0000210c   Section       62  sys_stackheap_outer.o(.text)
    .text                                    0x0000214c   Section       16  rt_ctype_table.o(.text)
    .text                                    0x0000215c   Section        0  ungetc.o(.text)
    .text                                    0x000021a8   Section        0  exit.o(.text)
    .text                                    0x000021b8   Section        0  strcmp.o(.text)
    .text                                    0x00002240   Section        0  sys_exit.o(.text)
    .text                                    0x0000224c   Section        2  use_no_semi.o(.text)
    .text                                    0x0000224e   Section        0  indicate_semi.o(.text)
    i.Control_RGB_LEDs                       0x00002250   Section        0  leds.o(i.Control_RGB_LEDs)
    i.Delay                                  0x0000229c   Section        0  delay.o(i.Delay)
    i.GPIO_Init                              0x000022b8   Section        0  main.o(i.GPIO_Init)
    i.Init_ADC                               0x00002358   Section        0  main.o(i.Init_ADC)
    i.Init_RGB_LEDs                          0x00002390   Section        0  leds.o(i.Init_RGB_LEDs)
    i.Init_UART0                             0x0000241c   Section        0  uart.o(i.Init_UART0)
    i.Q_Dequeue                              0x00002504   Section        0  queue.o(i.Q_Dequeue)
    i.Q_Empty                                0x00002550   Section        0  queue.o(i.Q_Empty)
    i.Q_Enqueue                              0x00002560   Section        0  queue.o(i.Q_Enqueue)
    i.Q_Full                                 0x000025a4   Section        0  queue.o(i.Q_Full)
    i.SystemInit                             0x000025b8   Section        0  system_mkl25z4.o(i.SystemInit)
    i.UART0_IRQHandler                       0x000026f0   Section        0  uart.o(i.UART0_IRQHandler)
    i.__ARM_common_ll_muluu                  0x00002778   Section        0  btod.o(i.__ARM_common_ll_muluu)
    i.__ARM_fpclassify                       0x000027a8   Section        0  fpclassify.o(i.__ARM_fpclassify)
    i._is_digit                              0x000027d4   Section        0  __printf_wp.o(i._is_digit)
    i.fgetc                                  0x000027e4   Section        0  uart.o(i.fgetc)
    i.fputc                                  0x00002800   Section        0  uart.o(i.fputc)
    i.main                                   0x00002824   Section        0  main.o(i.main)
    locale$$code                             0x00002dac   Section       44  lc_numeric_c.o(locale$$code)
    locale$$code                             0x00002dd8   Section       44  lc_ctype_c.o(locale$$code)
    x$fpl$printf1                            0x00002e04   Section       16  printf1.o(x$fpl$printf1)
    .constdata                               0x00002e14   Section      128  ddiv.o(.constdata)
    x$fpl$usenofp                            0x00002e14   Section        0  usenofp.o(x$fpl$usenofp)
    ddiv_reciptbl                            0x00002e14   Data         128  ddiv.o(.constdata)
    .constdata                               0x00002e94   Section      148  bigflt0.o(.constdata)
    tenpwrs_x                                0x00002e94   Data          60  bigflt0.o(.constdata)
    tenpwrs_i                                0x00002ed0   Data          64  bigflt0.o(.constdata)
    .conststring                             0x00002f28   Section       66  main.o(.conststring)
    locale$$data                             0x00002f8c   Section       28  lc_numeric_c.o(locale$$data)
    __lcnum_c_name                           0x00002f90   Data           2  lc_numeric_c.o(locale$$data)
    __lcnum_c_start                          0x00002f98   Data           0  lc_numeric_c.o(locale$$data)
    __lcnum_c_point                          0x00002fa4   Data           0  lc_numeric_c.o(locale$$data)
    __lcnum_c_thousands                      0x00002fa6   Data           0  lc_numeric_c.o(locale$$data)
    __lcnum_c_grouping                       0x00002fa7   Data           0  lc_numeric_c.o(locale$$data)
    locale$$data                             0x00002fa8   Section      272  lc_ctype_c.o(locale$$data)
    __lcnum_c_end                            0x00002fa8   Data           0  lc_numeric_c.o(locale$$data)
    __lcctype_c_name                         0x00002fac   Data           2  lc_ctype_c.o(locale$$data)
    __lcctype_c_start                        0x00002fb4   Data           0  lc_ctype_c.o(locale$$data)
    __lcctype_c_end                          0x000030b8   Data           0  lc_ctype_c.o(locale$$data)
    .data                                    0x1ffff000   Section       12  main.o(.data)
    .data                                    0x1ffff00c   Section        8  uart.o(.data)
    .bss                                     0x1ffff014   Section    12000  main.o(.bss)
    .bss                                     0x20001ef4   Section      536  uart.o(.bss)
    .bss                                     0x2000210c   Section       96  libspace.o(.bss)
    HEAP                                     0x20002170   Section        0  startup_mkl25z4.o(HEAP)
    STACK                                    0x20002170   Section     1024  startup_mkl25z4.o(STACK)
    Heap_Mem                                 0x20002170   Data           0  startup_mkl25z4.o(HEAP)
    Stack_Mem                                0x20002170   Data        1024  startup_mkl25z4.o(STACK)
    __initial_sp                             0x20002570   Data           0  startup_mkl25z4.o(STACK)

    Global Symbols

    Symbol Name                              Value     Ov Type        Size  Object(Section)

    BuildAttributes$$THM_ISAv3M$S$PE$A:L22$X:L11$S22$IEEE1$IW$USESV6$~STKCKD$USESV7$~SHL$OTIME$ROPI$IEEEJ$EBA8$UX$STANDARDLIB$REQ8$PRES8$EABIv2 0x00000000   Number         0  anon$$obj.o ABSOLUTE
    __ARM_use_no_argv                        0x00000000   Number         0  main.o ABSOLUTE
    __Vectors                                0x00000000   Data           4  startup_mkl25z4.o(RESET)
    _printf_flags                            0x00000000   Number         0  printf_stubs.o ABSOLUTE
    _printf_return_value                     0x00000000   Number         0  printf_stubs.o ABSOLUTE
    _printf_sizespec                         0x00000000   Number         0  printf_stubs.o ABSOLUTE
    _printf_widthprec                        0x00000000   Number         0  printf_stubs.o ABSOLUTE
    __ARM_exceptions_init                     - Undefined Weak Reference
    __alloca_initialize                       - Undefined Weak Reference
    __arm_preinit_                            - Undefined Weak Reference
    __cpp_initialize__aeabi_                  - Undefined Weak Reference
    __cxa_finalize                            - Undefined Weak Reference
    __sigvec_lookup                           - Undefined Weak Reference
    _atexit_init                              - Undefined Weak Reference
    _call_atexit_fns                          - Undefined Weak Reference
    _clock_init                               - Undefined Weak Reference
    _fp_trap_init                             - Undefined Weak Reference
    _fp_trap_shutdown                         - Undefined Weak Reference
    _get_lc_collate                           - Undefined Weak Reference
    _get_lc_monetary                          - Undefined Weak Reference
    _get_lc_time                              - Undefined Weak Reference
    _getenv_init                              - Undefined Weak Reference
    _handle_redirection                       - Undefined Weak Reference
    _init_alloc                               - Undefined Weak Reference
    _init_user_alloc                          - Undefined Weak Reference
    _initio                                   - Undefined Weak Reference
    _mutex_acquire                            - Undefined Weak Reference
    _mutex_release                            - Undefined Weak Reference
    _printf_truncate_signed                   - Undefined Weak Reference
    _printf_truncate_unsigned                 - Undefined Weak Reference
    _rand_init                                - Undefined Weak Reference
    _scanf_longlong                           - Undefined Weak Reference
    _scanf_mbtowc                             - Undefined Weak Reference
    _scanf_real                               - Undefined Weak Reference
    _scanf_wctomb                             - Undefined Weak Reference
    _scanf_wstring                            - Undefined Weak Reference
    _signal_finish                            - Undefined Weak Reference
    _signal_init                              - Undefined Weak Reference
    _terminate_alloc                          - Undefined Weak Reference
    _terminate_user_alloc                     - Undefined Weak Reference
    _terminateio                              - Undefined Weak Reference
    __Vectors_End                            0x000000c0   Data           0  startup_mkl25z4.o(RESET)
    __Vectors_Size                           0x000000c0   Number         0  startup_mkl25z4.o ABSOLUTE
    __main                                   0x000000c1   Thumb Code     8  __main.o(!!!main)
    __scatterload                            0x000000c9   Thumb Code     0  __scatter.o(!!!scatter)
    __scatterload_rt2                        0x000000c9   Thumb Code    52  __scatter.o(!!!scatter)
    __scatterload_rt2_thumb_only             0x000000c9   Thumb Code     0  __scatter.o(!!!scatter)
    __scatterload_null                       0x000000d9   Thumb Code     0  __scatter.o(!!!scatter)
    __scatterload_copy                       0x00000105   Thumb Code    26  __scatter_copy.o(!!handler_copy)
    __scatterload_zeroinit                   0x00000121   Thumb Code    28  __scatter_zi.o(!!handler_zi)
    _printf_percent                          0x0000013d   Thumb Code     0  _printf_percent.o(.ARM.Collect$$_printf_percent$$00000000)
    _printf_f                                0x0000013f   Thumb Code     0  _printf_f.o(.ARM.Collect$$_printf_percent$$00000003)
    _printf_d                                0x00000149   Thumb Code     0  _printf_d.o(.ARM.Collect$$_printf_percent$$00000009)
    _printf_percent_end                      0x00000153   Thumb Code     0  _printf_percent_end.o(.ARM.Collect$$_printf_percent$$00000017)
    __rt_lib_init                            0x00000157   Thumb Code     0  libinit.o(.ARM.Collect$$libinit$$00000000)
    __rt_lib_init_fp_1                       0x00000159   Thumb Code     0  libinit2.o(.ARM.Collect$$libinit$$00000002)
    __rt_lib_init_heap_1                     0x00000159   Thumb Code     0  libinit2.o(.ARM.Collect$$libinit$$0000000A)
    __rt_lib_init_lc_common                  0x00000159   Thumb Code     0  libinit2.o(.ARM.Collect$$libinit$$0000000F)
    __rt_lib_init_preinit_1                  0x00000159   Thumb Code     0  libinit2.o(.ARM.Collect$$libinit$$00000004)
    __rt_lib_init_rand_1                     0x00000159   Thumb Code     0  libinit2.o(.ARM.Collect$$libinit$$0000000E)
    __rt_lib_init_user_alloc_1               0x00000159   Thumb Code     0  libinit2.o(.ARM.Collect$$libinit$$0000000C)
    __rt_lib_init_lc_collate_1               0x0000015f   Thumb Code     0  libinit2.o(.ARM.Collect$$libinit$$00000011)
    __rt_lib_init_lc_ctype_2                 0x0000015f   Thumb Code     0  libinit2.o(.ARM.Collect$$libinit$$00000012)
    __rt_lib_init_lc_ctype_1                 0x0000016b   Thumb Code     0  libinit2.o(.ARM.Collect$$libinit$$00000013)
    __rt_lib_init_lc_monetary_1              0x0000016b   Thumb Code     0  libinit2.o(.ARM.Collect$$libinit$$00000015)
    __rt_lib_init_lc_numeric_2               0x0000016b   Thumb Code     0  libinit2.o(.ARM.Collect$$libinit$$00000016)
    __rt_lib_init_alloca_1                   0x00000175   Thumb Code     0  libinit2.o(.ARM.Collect$$libinit$$0000002E)
    __rt_lib_init_argv_1                     0x00000175   Thumb Code     0  libinit2.o(.ARM.Collect$$libinit$$0000002C)
    __rt_lib_init_atexit_1                   0x00000175   Thumb Code     0  libinit2.o(.ARM.Collect$$libinit$$0000001B)
    __rt_lib_init_clock_1                    0x00000175   Thumb Code     0  libinit2.o(.ARM.Collect$$libinit$$00000021)
    __rt_lib_init_cpp_1                      0x00000175   Thumb Code     0  libinit2.o(.ARM.Collect$$libinit$$00000032)
    __rt_lib_init_exceptions_1               0x00000175   Thumb Code     0  libinit2.o(.ARM.Collect$$libinit$$00000030)
    __rt_lib_init_fp_trap_1                  0x00000175   Thumb Code     0  libinit2.o(.ARM.Collect$$libinit$$0000001F)
    __rt_lib_init_getenv_1                   0x00000175   Thumb Code     0  libinit2.o(.ARM.Collect$$libinit$$00000023)
    __rt_lib_init_lc_numeric_1               0x00000175   Thumb Code     0  libinit2.o(.ARM.Collect$$libinit$$00000017)
    __rt_lib_init_lc_time_1                  0x00000175   Thumb Code     0  libinit2.o(.ARM.Collect$$libinit$$00000019)
    __rt_lib_init_return                     0x00000175   Thumb Code     0  libinit2.o(.ARM.Collect$$libinit$$00000033)
    __rt_lib_init_signal_1                   0x00000175   Thumb Code     0  libinit2.o(.ARM.Collect$$libinit$$0000001D)
    __rt_lib_init_stdio_1                    0x00000175   Thumb Code     0  libinit2.o(.ARM.Collect$$libinit$$00000025)
    __rt_lib_shutdown                        0x00000177   Thumb Code     0  libshutdown.o(.ARM.Collect$$libshutdown$$00000000)
    __rt_lib_shutdown_cpp_1                  0x00000179   Thumb Code     0  libshutdown2.o(.ARM.Collect$$libshutdown$$00000002)
    __rt_lib_shutdown_fp_trap_1              0x00000179   Thumb Code     0  libshutdown2.o(.ARM.Collect$$libshutdown$$00000007)
    __rt_lib_shutdown_heap_1                 0x00000179   Thumb Code     0  libshutdown2.o(.ARM.Collect$$libshutdown$$0000000F)
    __rt_lib_shutdown_return                 0x00000179   Thumb Code     0  libshutdown2.o(.ARM.Collect$$libshutdown$$00000010)
    __rt_lib_shutdown_signal_1               0x00000179   Thumb Code     0  libshutdown2.o(.ARM.Collect$$libshutdown$$0000000A)
    __rt_lib_shutdown_stdio_1                0x00000179   Thumb Code     0  libshutdown2.o(.ARM.Collect$$libshutdown$$00000004)
    __rt_lib_shutdown_user_alloc_1           0x00000179   Thumb Code     0  libshutdown2.o(.ARM.Collect$$libshutdown$$0000000C)
    __rt_entry                               0x0000017b   Thumb Code     0  __rtentry.o(.ARM.Collect$$rtentry$$00000000)
    __rt_entry_presh_1                       0x0000017b   Thumb Code     0  __rtentry2.o(.ARM.Collect$$rtentry$$00000002)
    __rt_entry_sh                            0x0000017b   Thumb Code     0  __rtentry4.o(.ARM.Collect$$rtentry$$00000004)
    __rt_entry_li                            0x00000181   Thumb Code     0  __rtentry2.o(.ARM.Collect$$rtentry$$0000000A)
    __rt_entry_postsh_1                      0x00000181   Thumb Code     0  __rtentry2.o(.ARM.Collect$$rtentry$$00000009)
    __rt_entry_main                          0x00000185   Thumb Code     0  __rtentry2.o(.ARM.Collect$$rtentry$$0000000D)
    __rt_entry_postli_1                      0x00000185   Thumb Code     0  __rtentry2.o(.ARM.Collect$$rtentry$$0000000C)
    __rt_exit                                0x0000018d   Thumb Code     0  rtexit.o(.ARM.Collect$$rtexit$$00000000)
    __rt_exit_ls                             0x0000018f   Thumb Code     0  rtexit2.o(.ARM.Collect$$rtexit$$00000003)
    __rt_exit_prels_1                        0x0000018f   Thumb Code     0  rtexit2.o(.ARM.Collect$$rtexit$$00000002)
    __rt_exit_exit                           0x00000193   Thumb Code     0  rtexit2.o(.ARM.Collect$$rtexit$$00000004)
    Reset_Handler                            0x00000199   Thumb Code    12  startup_mkl25z4.o(.text)
    NMI_Handler                              0x000001a5   Thumb Code     2  startup_mkl25z4.o(.text)
    HardFault_Handler                        0x000001a7   Thumb Code     2  startup_mkl25z4.o(.text)
    SVC_Handler                              0x000001a9   Thumb Code     2  startup_mkl25z4.o(.text)
    PendSV_Handler                           0x000001ab   Thumb Code     2  startup_mkl25z4.o(.text)
    SysTick_Handler                          0x000001ad   Thumb Code     2  startup_mkl25z4.o(.text)
    ADC0_IRQHandler                          0x000001af   Thumb Code     0  startup_mkl25z4.o(.text)
    CMP0_IRQHandler                          0x000001af   Thumb Code     0  startup_mkl25z4.o(.text)
    DAC0_IRQHandler                          0x000001af   Thumb Code     0  startup_mkl25z4.o(.text)
    DMA0_IRQHandler                          0x000001af   Thumb Code     0  startup_mkl25z4.o(.text)
    DMA1_IRQHandler                          0x000001af   Thumb Code     0  startup_mkl25z4.o(.text)
    DMA2_IRQHandler                          0x000001af   Thumb Code     0  startup_mkl25z4.o(.text)
    DMA3_IRQHandler                          0x000001af   Thumb Code     0  startup_mkl25z4.o(.text)
    DefaultISR                               0x000001af   Thumb Code     0  startup_mkl25z4.o(.text)
    FTFA_IRQHandler                          0x000001af   Thumb Code     0  startup_mkl25z4.o(.text)
    I2C0_IRQHandler                          0x000001af   Thumb Code     0  startup_mkl25z4.o(.text)
    I2C1_IRQHandler                          0x000001af   Thumb Code     0  startup_mkl25z4.o(.text)
    LLWU_IRQHandler                          0x000001af   Thumb Code     0  startup_mkl25z4.o(.text)
    LPTMR0_IRQHandler                        0x000001af   Thumb Code     0  startup_mkl25z4.o(.text)
    LVD_LVW_IRQHandler                       0x000001af   Thumb Code     0  startup_mkl25z4.o(.text)
    MCG_IRQHandler                           0x000001af   Thumb Code     0  startup_mkl25z4.o(.text)
    PIT_IRQHandler                           0x000001af   Thumb Code     0  startup_mkl25z4.o(.text)
    PORTA_IRQHandler                         0x000001af   Thumb Code     0  startup_mkl25z4.o(.text)
    PORTD_IRQHandler                         0x000001af   Thumb Code     0  startup_mkl25z4.o(.text)
    RTC_IRQHandler                           0x000001af   Thumb Code     0  startup_mkl25z4.o(.text)
    RTC_Seconds_IRQHandler                   0x000001af   Thumb Code     0  startup_mkl25z4.o(.text)
    Reserved20_IRQHandler                    0x000001af   Thumb Code     0  startup_mkl25z4.o(.text)
    Reserved39_IRQHandler                    0x000001af   Thumb Code     0  startup_mkl25z4.o(.text)
    Reserved45_IRQHandler                    0x000001af   Thumb Code     0  startup_mkl25z4.o(.text)
    SPI0_IRQHandler                          0x000001af   Thumb Code     0  startup_mkl25z4.o(.text)
    SPI1_IRQHandler                          0x000001af   Thumb Code     0  startup_mkl25z4.o(.text)
    TPM0_IRQHandler                          0x000001af   Thumb Code     0  startup_mkl25z4.o(.text)
    TPM1_IRQHandler                          0x000001af   Thumb Code     0  startup_mkl25z4.o(.text)
    TPM2_IRQHandler                          0x000001af   Thumb Code     0  startup_mkl25z4.o(.text)
    TSI0_IRQHandler                          0x000001af   Thumb Code     0  startup_mkl25z4.o(.text)
    UART1_IRQHandler                         0x000001af   Thumb Code     0  startup_mkl25z4.o(.text)
    UART2_IRQHandler                         0x000001af   Thumb Code     0  startup_mkl25z4.o(.text)
    USB0_IRQHandler                          0x000001af   Thumb Code     0  startup_mkl25z4.o(.text)
    __user_initial_stackheap                 0x000001b5   Thumb Code     0  startup_mkl25z4.o(.text)
    __2printf                                0x000001d9   Thumb Code    22  noretval__2printf.o(.text)
    _printf_pre_padding                      0x000001f5   Thumb Code    44  _printf_pad.o(.text)
    _printf_post_padding                     0x00000221   Thumb Code    34  _printf_pad.o(.text)
    _printf_int_dec                          0x00000245   Thumb Code    90  _printf_dec.o(.text)
    __printf                                 0x000002b1   Thumb Code   270  __printf_wp.o(.text)
    __0scanf                                 0x000003c1   Thumb Code    28  __0scanf.o(.text)
    __use_two_region_memory                  0x000003e1   Thumb Code     2  heapauxi.o(.text)
    __rt_heap_escrow$2region                 0x000003e3   Thumb Code     2  heapauxi.o(.text)
    __rt_heap_expand$2region                 0x000003e5   Thumb Code     2  heapauxi.o(.text)
    __rt_locale                              0x000003e9   Thumb Code     8  rt_locale_intlibspace.o(.text)
    ferror                                   0x000003f1   Thumb Code     8  ferror.o(.text)
    __user_libspace                          0x000003f9   Thumb Code     8  libspace.o(.text)
    __user_perproc_libspace                  0x000003f9   Thumb Code     0  libspace.o(.text)
    __user_perthread_libspace                0x000003f9   Thumb Code     0  libspace.o(.text)
    __0sscanf                                0x00000411   Thumb Code    54  __0sscanf.o(.text)
    _scanf_int                               0x00000451   Thumb Code   330  _scanf_int.o(.text)
    _scanf_string                            0x0000059b   Thumb Code   232  _scanf_str.o(.text)
    __aeabi_uidiv                            0x00000683   Thumb Code     0  aeabi_sdiv.o(.text)
    __aeabi_uidivmod                         0x00000683   Thumb Code    20  aeabi_sdiv.o(.text)
    __aeabi_idiv                             0x00000697   Thumb Code     0  aeabi_sdiv.o(.text)
    __aeabi_idivmod                          0x00000697   Thumb Code   326  aeabi_sdiv.o(.text)
    __aeabi_d2f                              0x000007dd   Thumb Code     0  d2f.o(.text)
    _d2f                                     0x000007dd   Thumb Code   120  d2f.o(.text)
    __aeabi_ddiv                             0x00000859   Thumb Code     0  ddiv.o(.text)
    _ddiv                                    0x00000859   Thumb Code  1072  ddiv.o(.text)
    _drdiv                                   0x00000c89   Thumb Code    20  ddiv.o(.text)
    __aeabi_d2uiz                            0x00000ca1   Thumb Code     0  dfixui.o(.text)
    _dfixu                                   0x00000ca1   Thumb Code    68  dfixui.o(.text)
    __aeabi_i2d_normalise                    0x00000ce9   Thumb Code    66  dflti.o(.text)
    __aeabi_i2d                              0x00000d2b   Thumb Code    16  dflti.o(.text)
    _dflt                                    0x00000d2b   Thumb Code     0  dflti.o(.text)
    __aeabi_ui2d                             0x00000d3b   Thumb Code     6  dflti.o(.text)
    _dfltu                                   0x00000d3b   Thumb Code     0  dflti.o(.text)
    __aeabi_dmul                             0x00000d41   Thumb Code     0  dmul.o(.text)
    _dmul                                    0x00000d41   Thumb Code   558  dmul.o(.text)
    __aeabi_f2d                              0x00000f89   Thumb Code     0  f2d.o(.text)
    _f2d                                     0x00000f89   Thumb Code    80  f2d.o(.text)
    _printf_int_common                       0x00000fdd   Thumb Code   176  _printf_intcommon.o(.text)
    __lib_sel_fp_printf                      0x0000108d   Thumb Code     2  _printf_fp_dec.o(.text)
    _printf_fp_dec_real                      0x0000122b   Thumb Code   620  _printf_fp_dec.o(.text)
    _printf_char_file                        0x000014a5   Thumb Code    34  _printf_char_file.o(.text)
    _chval                                   0x000014cd   Thumb Code    30  _chval.o(.text)
    __vfscanf_char                           0x000014f9   Thumb Code    28  scanf_char.o(.text)
    _sgetc                                   0x0000151d   Thumb Code    32  _sgetc.o(.text)
    _sbackspace                              0x0000153d   Thumb Code    36  _sgetc.o(.text)
    __vfscanf_char_file                      0x00001561   Thumb Code    20  scanf_char_file.o(.text)
    __rt_udiv10                              0x0000157d   Thumb Code    40  rtudiv10.o(.text)
    _ll_udiv10                               0x000015a5   Thumb Code   122  lludiv10.o(.text)
    isspace                                  0x0000161f   Thumb Code    18  isspace.o(.text)
    _printf_char_common                      0x0000163b   Thumb Code    32  _printf_char_common.o(.text)
    _printf_fp_infnan                        0x00001661   Thumb Code   120  _printf_fp_infnan.o(.text)
    __vfscanf                                0x000016e9   Thumb Code   880  _scanf.o(.text)
    _btod_etento                             0x00001a69   Thumb Code   210  bigflt0.o(.text)
    _btod_d2e                                0x00001b41   Thumb Code    64  btod.o(.text)
    _btod_emul                               0x00001f75   Thumb Code    28  btod.o(.text)
    _btod_emuld                              0x00001f91   Thumb Code   144  btod.o(.text)
    _btod_ediv                               0x00002021   Thumb Code    26  btod.o(.text)
    _btod_edivd                              0x0000203b   Thumb Code   124  btod.o(.text)
    ___backspace$unlocked                    0x000020c1   Thumb Code     2  backspace.o(.text)
    __backspace                              0x000020c3   Thumb Code    68  backspace.o(.text)
    __user_setup_stackheap                   0x0000210d   Thumb Code    62  sys_stackheap_outer.o(.text)
    __rt_ctype_table                         0x0000214d   Thumb Code    16  rt_ctype_table.o(.text)
    _ungetc_internal                         0x0000215d   Thumb Code    62  ungetc.o(.text)
    ungetc                                   0x0000215d   Thumb Code     0  ungetc.o(.text)
    exit                                     0x000021a9   Thumb Code    16  exit.o(.text)
    strcmp                                   0x000021b9   Thumb Code   132  strcmp.o(.text)
    _sys_exit                                0x00002241   Thumb Code     8  sys_exit.o(.text)
    __I$use$semihosting                      0x0000224d   Thumb Code     0  use_no_semi.o(.text)
    __use_no_semihosting_swi                 0x0000224d   Thumb Code     2  use_no_semi.o(.text)
    __semihosting_library_function           0x0000224f   Thumb Code     0  indicate_semi.o(.text)
    Control_RGB_LEDs                         0x00002251   Thumb Code    70  leds.o(i.Control_RGB_LEDs)
    Delay                                    0x0000229d   Thumb Code    24  delay.o(i.Delay)
    GPIO_Init                                0x000022b9   Thumb Code   148  main.o(i.GPIO_Init)
    Init_ADC                                 0x00002359   Thumb Code    42  main.o(i.Init_ADC)
    Init_RGB_LEDs                            0x00002391   Thumb Code   124  leds.o(i.Init_RGB_LEDs)
    Init_UART0                               0x0000241d   Thumb Code   212  uart.o(i.Init_UART0)
    Q_Dequeue                                0x00002505   Thumb Code    76  queue.o(i.Q_Dequeue)
    Q_Empty                                  0x00002551   Thumb Code    16  queue.o(i.Q_Empty)
    Q_Enqueue                                0x00002561   Thumb Code    68  queue.o(i.Q_Enqueue)
    Q_Full                                   0x000025a5   Thumb Code    20  queue.o(i.Q_Full)
    SystemInit                               0x000025b9   Thumb Code   266  system_mkl25z4.o(i.SystemInit)
    UART0_IRQHandler                         0x000026f1   Thumb Code   122  uart.o(i.UART0_IRQHandler)
    __ARM_common_ll_muluu                    0x00002779   Thumb Code    48  btod.o(i.__ARM_common_ll_muluu)
    __ARM_fpclassify                         0x000027a9   Thumb Code    40  fpclassify.o(i.__ARM_fpclassify)
    _is_digit                                0x000027d5   Thumb Code    14  __printf_wp.o(i._is_digit)
    fgetc                                    0x000027e5   Thumb Code    22  uart.o(i.fgetc)
    fputc                                    0x00002801   Thumb Code    32  uart.o(i.fputc)
    main                                     0x00002825   Thumb Code   832  main.o(i.main)
    _get_lc_numeric                          0x00002dad   Thumb Code    44  lc_numeric_c.o(locale$$code)
    _get_lc_ctype                            0x00002dd9   Thumb Code    44  lc_ctype_c.o(locale$$code)
    _printf_fp_dec                           0x00002e05   Thumb Code    16  printf1.o(x$fpl$printf1)
    __I$use$fp                               0x00002e14   Number         0  usenofp.o(x$fpl$usenofp)
    Region$$Table$$Base                      0x00002f6c   Number         0  anon$$obj.o(Region$$Table)
    Region$$Table$$Limit                     0x00002f8c   Number         0  anon$$obj.o(Region$$Table)
    __ctype                                  0x00002fb5   Data           0  lc_ctype_c.o(locale$$data)
    res                                      0x1ffff000   Data           2  main.o(.data)
    i                                        0x1ffff004   Data           4  main.o(.data)
    o                                        0x1ffff008   Data           4  main.o(.data)
    __stdout                                 0x1ffff00c   Data           4  uart.o(.data)
    __stdin                                  0x1ffff010   Data           4  uart.o(.data)
    samples                                  0x1ffff014   Data       12000  main.o(.bss)
    TxQ                                      0x20001ef4   Data         268  uart.o(.bss)
    RxQ                                      0x20002000   Data         268  uart.o(.bss)
    __libspace_start                         0x2000210c   Data          96  libspace.o(.bss)
    __temporary_stack_top$libspace           0x2000216c   Data           0  libspace.o(.bss)



==============================================================================

Memory Map of the image

  Image Entry point : 0x000000c1

  Load Region LR_IROM1 (Base: 0x00000000, Size: 0x000030cc, Max: 0x00020000, ABSOLUTE)

    Execution Region ER_IROM1 (Exec base: 0x00000000, Load base: 0x00000000, Size: 0x000030b8, Max: 0x00020000, ABSOLUTE)

    Exec Addr    Load Addr    Size         Type   Attr      Idx    E Section Name        Object

    0x00000000   0x00000000   0x000000c0   Data   RO          272    RESET               startup_mkl25z4.o
    0x000000c0   0x000000c0   0x00000008   Code   RO          363  * !!!main             c_p.l(__main.o)
    0x000000c8   0x000000c8   0x0000003c   Code   RO          613    !!!scatter          c_p.l(__scatter.o)
    0x00000104   0x00000104   0x0000001a   Code   RO          615    !!handler_copy      c_p.l(__scatter_copy.o)
    0x0000011e   0x0000011e   0x00000002   PAD
    0x00000120   0x00000120   0x0000001c   Code   RO          617    !!handler_zi        c_p.l(__scatter_zi.o)
    0x0000013c   0x0000013c   0x00000002   Code   RO          348    .ARM.Collect$$_printf_percent$$00000000  c_p.l(_printf_percent.o)
    0x0000013e   0x0000013e   0x0000000a   Code   RO          347    .ARM.Collect$$_printf_percent$$00000003  c_p.l(_printf_f.o)
    0x00000148   0x00000148   0x0000000a   Code   RO          346    .ARM.Collect$$_printf_percent$$00000009  c_p.l(_printf_d.o)
    0x00000152   0x00000152   0x00000004   Code   RO          391    .ARM.Collect$$_printf_percent$$00000017  c_p.l(_printf_percent_end.o)
    0x00000156   0x00000156   0x00000002   Code   RO          482    .ARM.Collect$$libinit$$00000000  c_p.l(libinit.o)
    0x00000158   0x00000158   0x00000000   Code   RO          484    .ARM.Collect$$libinit$$00000002  c_p.l(libinit2.o)
    0x00000158   0x00000158   0x00000000   Code   RO          486    .ARM.Collect$$libinit$$00000004  c_p.l(libinit2.o)
    0x00000158   0x00000158   0x00000000   Code   RO          489    .ARM.Collect$$libinit$$0000000A  c_p.l(libinit2.o)
    0x00000158   0x00000158   0x00000000   Code   RO          491    .ARM.Collect$$libinit$$0000000C  c_p.l(libinit2.o)
    0x00000158   0x00000158   0x00000000   Code   RO          493    .ARM.Collect$$libinit$$0000000E  c_p.l(libinit2.o)
    0x00000158   0x00000158   0x00000006   Code   RO          494    .ARM.Collect$$libinit$$0000000F  c_p.l(libinit2.o)
    0x0000015e   0x0000015e   0x00000000   Code   RO          496    .ARM.Collect$$libinit$$00000011  c_p.l(libinit2.o)
    0x0000015e   0x0000015e   0x0000000c   Code   RO          497    .ARM.Collect$$libinit$$00000012  c_p.l(libinit2.o)
    0x0000016a   0x0000016a   0x00000000   Code   RO          498    .ARM.Collect$$libinit$$00000013  c_p.l(libinit2.o)
    0x0000016a   0x0000016a   0x00000000   Code   RO          500    .ARM.Collect$$libinit$$00000015  c_p.l(libinit2.o)
    0x0000016a   0x0000016a   0x0000000a   Code   RO          501    .ARM.Collect$$libinit$$00000016  c_p.l(libinit2.o)
    0x00000174   0x00000174   0x00000000   Code   RO          502    .ARM.Collect$$libinit$$00000017  c_p.l(libinit2.o)
    0x00000174   0x00000174   0x00000000   Code   RO          504    .ARM.Collect$$libinit$$00000019  c_p.l(libinit2.o)
    0x00000174   0x00000174   0x00000000   Code   RO          506    .ARM.Collect$$libinit$$0000001B  c_p.l(libinit2.o)
    0x00000174   0x00000174   0x00000000   Code   RO          508    .ARM.Collect$$libinit$$0000001D  c_p.l(libinit2.o)
    0x00000174   0x00000174   0x00000000   Code   RO          510    .ARM.Collect$$libinit$$0000001F  c_p.l(libinit2.o)
    0x00000174   0x00000174   0x00000000   Code   RO          512    .ARM.Collect$$libinit$$00000021  c_p.l(libinit2.o)
    0x00000174   0x00000174   0x00000000   Code   RO          514    .ARM.Collect$$libinit$$00000023  c_p.l(libinit2.o)
    0x00000174   0x00000174   0x00000000   Code   RO          516    .ARM.Collect$$libinit$$00000025  c_p.l(libinit2.o)
    0x00000174   0x00000174   0x00000000   Code   RO          520    .ARM.Collect$$libinit$$0000002C  c_p.l(libinit2.o)
    0x00000174   0x00000174   0x00000000   Code   RO          522    .ARM.Collect$$libinit$$0000002E  c_p.l(libinit2.o)
    0x00000174   0x00000174   0x00000000   Code   RO          524    .ARM.Collect$$libinit$$00000030  c_p.l(libinit2.o)
    0x00000174   0x00000174   0x00000000   Code   RO          526    .ARM.Collect$$libinit$$00000032  c_p.l(libinit2.o)
    0x00000174   0x00000174   0x00000002   Code   RO          527    .ARM.Collect$$libinit$$00000033  c_p.l(libinit2.o)
    0x00000176   0x00000176   0x00000002   Code   RO          578    .ARM.Collect$$libshutdown$$00000000  c_p.l(libshutdown.o)
    0x00000178   0x00000178   0x00000000   Code   RO          596    .ARM.Collect$$libshutdown$$00000002  c_p.l(libshutdown2.o)
    0x00000178   0x00000178   0x00000000   Code   RO          598    .ARM.Collect$$libshutdown$$00000004  c_p.l(libshutdown2.o)
    0x00000178   0x00000178   0x00000000   Code   RO          601    .ARM.Collect$$libshutdown$$00000007  c_p.l(libshutdown2.o)
    0x00000178   0x00000178   0x00000000   Code   RO          604    .ARM.Collect$$libshutdown$$0000000A  c_p.l(libshutdown2.o)
    0x00000178   0x00000178   0x00000000   Code   RO          606    .ARM.Collect$$libshutdown$$0000000C  c_p.l(libshutdown2.o)
    0x00000178   0x00000178   0x00000000   Code   RO          609    .ARM.Collect$$libshutdown$$0000000F  c_p.l(libshutdown2.o)
    0x00000178   0x00000178   0x00000002   Code   RO          610    .ARM.Collect$$libshutdown$$00000010  c_p.l(libshutdown2.o)
    0x0000017a   0x0000017a   0x00000000   Code   RO          380    .ARM.Collect$$rtentry$$00000000  c_p.l(__rtentry.o)
    0x0000017a   0x0000017a   0x00000000   Code   RO          404    .ARM.Collect$$rtentry$$00000002  c_p.l(__rtentry2.o)
    0x0000017a   0x0000017a   0x00000006   Code   RO          416    .ARM.Collect$$rtentry$$00000004  c_p.l(__rtentry4.o)
    0x00000180   0x00000180   0x00000000   Code   RO          406    .ARM.Collect$$rtentry$$00000009  c_p.l(__rtentry2.o)
    0x00000180   0x00000180   0x00000004   Code   RO          407    .ARM.Collect$$rtentry$$0000000A  c_p.l(__rtentry2.o)
    0x00000184   0x00000184   0x00000000   Code   RO          409    .ARM.Collect$$rtentry$$0000000C  c_p.l(__rtentry2.o)
    0x00000184   0x00000184   0x00000008   Code   RO          410    .ARM.Collect$$rtentry$$0000000D  c_p.l(__rtentry2.o)
    0x0000018c   0x0000018c   0x00000002   Code   RO          529    .ARM.Collect$$rtexit$$00000000  c_p.l(rtexit.o)
    0x0000018e   0x0000018e   0x00000000   Code   RO          547    .ARM.Collect$$rtexit$$00000002  c_p.l(rtexit2.o)
    0x0000018e   0x0000018e   0x00000004   Code   RO          548    .ARM.Collect$$rtexit$$00000003  c_p.l(rtexit2.o)
    0x00000192   0x00000192   0x00000006   Code   RO          549    .ARM.Collect$$rtexit$$00000004  c_p.l(rtexit2.o)
    0x00000198   0x00000198   0x00000040   Code   RO          274    .text               startup_mkl25z4.o
    0x000001d8   0x000001d8   0x0000001c   Code   RO          318    .text               c_p.l(noretval__2printf.o)
    0x000001f4   0x000001f4   0x0000004e   Code   RO          322    .text               c_p.l(_printf_pad.o)
    0x00000242   0x00000242   0x00000002   PAD
    0x00000244   0x00000244   0x0000006c   Code   RO          324    .text               c_p.l(_printf_dec.o)
    0x000002b0   0x000002b0   0x0000010e   Code   RO          334    .text               c_p.l(__printf_wp.o)
    0x000003be   0x000003be   0x00000002   PAD
    0x000003c0   0x000003c0   0x00000020   Code   RO          349    .text               c_p.l(__0scanf.o)
    0x000003e0   0x000003e0   0x00000006   Code   RO          361    .text               c_p.l(heapauxi.o)
    0x000003e6   0x000003e6   0x00000002   PAD
    0x000003e8   0x000003e8   0x00000008   Code   RO          423    .text               c_p.l(rt_locale_intlibspace.o)
    0x000003f0   0x000003f0   0x00000008   Code   RO          444    .text               c_p.l(ferror.o)
    0x000003f8   0x000003f8   0x00000008   Code   RO          457    .text               c_p.l(libspace.o)
    0x00000400   0x00000400   0x00000010   Code   RO          273    .ARM.__at_0x400     startup_mkl25z4.o
    0x00000410   0x00000410   0x00000040   Code   RO          351    .text               c_p.l(__0sscanf.o)
    0x00000450   0x00000450   0x0000014a   Code   RO          353    .text               c_p.l(_scanf_int.o)
    0x0000059a   0x0000059a   0x000000e8   Code   RO          355    .text               c_p.l(_scanf_str.o)
    0x00000682   0x00000682   0x0000015a   Code   RO          357    .text               c_p.l(aeabi_sdiv.o)
    0x000007dc   0x000007dc   0x0000007c   Code   RO          365    .text               fz_ps.l(d2f.o)
    0x00000858   0x00000858   0x00000448   Code   RO          367    .text               fz_ps.l(ddiv.o)
    0x00000ca0   0x00000ca0   0x00000048   Code   RO          370    .text               fz_ps.l(dfixui.o)
    0x00000ce8   0x00000ce8   0x00000058   Code   RO          372    .text               fz_ps.l(dflti.o)
    0x00000d40   0x00000d40   0x00000248   Code   RO          374    .text               fz_ps.l(dmul.o)
    0x00000f88   0x00000f88   0x00000054   Code   RO          376    .text               fz_ps.l(f2d.o)
    0x00000fdc   0x00000fdc   0x000000b0   Code   RO          385    .text               c_p.l(_printf_intcommon.o)
    0x0000108c   0x0000108c   0x00000418   Code   RO          387    .text               c_p.l(_printf_fp_dec.o)
    0x000014a4   0x000014a4   0x00000028   Code   RO          389    .text               c_p.l(_printf_char_file.o)
    0x000014cc   0x000014cc   0x0000001e   Code   RO          392    .text               c_p.l(_chval.o)
    0x000014ea   0x000014ea   0x00000002   PAD
    0x000014ec   0x000014ec   0x00000030   Code   RO          394    .text               c_p.l(scanf_char.o)
    0x0000151c   0x0000151c   0x00000044   Code   RO          396    .text               c_p.l(_sgetc.o)
    0x00001560   0x00001560   0x0000001c   Code   RO          398    .text               c_p.l(scanf_char_file.o)
    0x0000157c   0x0000157c   0x00000028   Code   RO          400    .text               c_p.l(rtudiv10.o)
    0x000015a4   0x000015a4   0x0000007a   Code   RO          425    .text               c_p.l(lludiv10.o)
    0x0000161e   0x0000161e   0x00000012   Code   RO          427    .text               c_p.l(isspace.o)
    0x00001630   0x00001630   0x00000030   Code   RO          429    .text               c_p.l(_printf_char_common.o)
    0x00001660   0x00001660   0x00000088   Code   RO          431    .text               c_p.l(_printf_fp_infnan.o)
    0x000016e8   0x000016e8   0x00000380   Code   RO          433    .text               c_p.l(_scanf.o)
    0x00001a68   0x00001a68   0x000000d8   Code   RO          435    .text               c_p.l(bigflt0.o)
    0x00001b40   0x00001b40   0x00000580   Code   RO          438    .text               c_p.l(btod.o)
    0x000020c0   0x000020c0   0x0000004c   Code   RO          442    .text               c_p.l(backspace.o)
    0x0000210c   0x0000210c   0x0000003e   Code   RO          460    .text               c_p.l(sys_stackheap_outer.o)
    0x0000214a   0x0000214a   0x00000002   PAD
    0x0000214c   0x0000214c   0x00000010   Code   RO          463    .text               c_p.l(rt_ctype_table.o)
    0x0000215c   0x0000215c   0x0000004c   Code   RO          467    .text               c_p.l(ungetc.o)
    0x000021a8   0x000021a8   0x00000010   Code   RO          469    .text               c_p.l(exit.o)
    0x000021b8   0x000021b8   0x00000088   Code   RO          475    .text               c_p.l(strcmp.o)
    0x00002240   0x00002240   0x0000000c   Code   RO          544    .text               c_p.l(sys_exit.o)
    0x0000224c   0x0000224c   0x00000002   Code   RO          565    .text               c_p.l(use_no_semi.o)
    0x0000224e   0x0000224e   0x00000000   Code   RO          567    .text               c_p.l(indicate_semi.o)
    0x0000224e   0x0000224e   0x00000002   PAD
    0x00002250   0x00002250   0x0000004c   Code   RO          246    i.Control_RGB_LEDs  leds.o
    0x0000229c   0x0000229c   0x0000001c   Code   RO          226    i.Delay             delay.o
    0x000022b8   0x000022b8   0x000000a0   Code   RO            3    i.GPIO_Init         main.o
    0x00002358   0x00002358   0x00000038   Code   RO            4    i.Init_ADC          main.o
    0x00002390   0x00002390   0x0000008c   Code   RO          247    i.Init_RGB_LEDs     leds.o
    0x0000241c   0x0000241c   0x000000e8   Code   RO          142    i.Init_UART0        uart.o
    0x00002504   0x00002504   0x0000004c   Code   RO           82    i.Q_Dequeue         queue.o
    0x00002550   0x00002550   0x00000010   Code   RO           83    i.Q_Empty           queue.o
    0x00002560   0x00002560   0x00000044   Code   RO           84    i.Q_Enqueue         queue.o
    0x000025a4   0x000025a4   0x00000014   Code   RO           85    i.Q_Full            queue.o
    0x000025b8   0x000025b8   0x00000138   Code   RO          283    i.SystemInit        system_mkl25z4.o
    0x000026f0   0x000026f0   0x00000088   Code   RO          146    i.UART0_IRQHandler  uart.o
    0x00002778   0x00002778   0x00000030   Code   RO          440    i.__ARM_common_ll_muluu  c_p.l(btod.o)
    0x000027a8   0x000027a8   0x0000002c   Code   RO          455    i.__ARM_fpclassify  m_ps.l(fpclassify.o)
    0x000027d4   0x000027d4   0x0000000e   Code   RO          336    i._is_digit         c_p.l(__printf_wp.o)
    0x000027e2   0x000027e2   0x00000002   PAD
    0x000027e4   0x000027e4   0x0000001c   Code   RO          149    i.fgetc             uart.o
    0x00002800   0x00002800   0x00000024   Code   RO          150    i.fputc             uart.o
    0x00002824   0x00002824   0x00000588   Code   RO            5    i.main              main.o
    0x00002dac   0x00002dac   0x0000002c   Code   RO          451    locale$$code        c_p.l(lc_numeric_c.o)
    0x00002dd8   0x00002dd8   0x0000002c   Code   RO          534    locale$$code        c_p.l(lc_ctype_c.o)
    0x00002e04   0x00002e04   0x00000010   Code   RO          378    x$fpl$printf1       fz_ps.l(printf1.o)
    0x00002e14   0x00002e14   0x00000000   Code   RO          402    x$fpl$usenofp       fz_ps.l(usenofp.o)
    0x00002e14   0x00002e14   0x00000080   Data   RO          368    .constdata          fz_ps.l(ddiv.o)
    0x00002e94   0x00002e94   0x00000094   Data   RO          436    .constdata          c_p.l(bigflt0.o)
    0x00002f28   0x00002f28   0x00000042   Data   RO            7    .conststring        main.o
    0x00002f6a   0x00002f6a   0x00000002   PAD
    0x00002f6c   0x00002f6c   0x00000020   Data   RO          611    Region$$Table       anon$$obj.o
    0x00002f8c   0x00002f8c   0x0000001c   Data   RO          450    locale$$data        c_p.l(lc_numeric_c.o)
    0x00002fa8   0x00002fa8   0x00000110   Data   RO          533    locale$$data        c_p.l(lc_ctype_c.o)


    Execution Region RW_IRAM1 (Exec base: 0x1ffff000, Load base: 0x000030b8, Size: 0x00003570, Max: 0x00004000, ABSOLUTE)

    Exec Addr    Load Addr    Size         Type   Attr      Idx    E Section Name        Object

    0x1ffff000   0x000030b8   0x0000000c   Data   RW            8    .data               main.o
    0x1ffff00c   0x000030c4   0x00000008   Data   RW          152    .data               uart.o
    0x1ffff014        -       0x00002ee0   Zero   RW            6    .bss                main.o
    0x20001ef4        -       0x00000218   Zero   RW          151    .bss                uart.o
    0x2000210c        -       0x00000060   Zero   RW          458    .bss                c_p.l(libspace.o)
    0x2000216c   0x000030cc   0x00000004   PAD
    0x20002170        -       0x00000000   Zero   RW          271    HEAP                startup_mkl25z4.o
    0x20002170        -       0x00000400   Zero   RW          270    STACK               startup_mkl25z4.o


==============================================================================

Image component sizes


      Code (inc. data)   RO Data    RW Data    ZI Data      Debug   Object Name

        28          4          0          0          0        800   delay.o
       216         22          0          0          0       1035   leds.o
      1632        610         66         12      12000       7876   main.o
       180          0          0          0          0       5031   queue.o
        80         44        192          0       1024        928   startup_mkl25z4.o
       312         46          0          0          0        601   system_mkl25z4.o
       432         44          0          8        536       3914   uart.o

    ----------------------------------------------------------------------
      2880        770        292         20      13560      20185   Object Totals
         0          0         32          0          0          0   (incl. Generated)
         0          0          2          0          0          0   (incl. Padding)

    ----------------------------------------------------------------------

      Code (inc. data)   RO Data    RW Data    ZI Data      Debug   Library Member Name

        32          4          0          0          0         84   __0scanf.o
        64         10          0          0          0         84   __0sscanf.o
         8          0          0          0          0         68   __main.o
       284          0          0          0          0        136   __printf_wp.o
         0          0          0          0          0          0   __rtentry.o
        12          0          0          0          0          0   __rtentry2.o
         6          0          0          0          0          0   __rtentry4.o
        60          8          0          0          0          0   __scatter.o
        26          0          0          0          0          0   __scatter_copy.o
        28          0          0          0          0          0   __scatter_zi.o
        30          0          0          0          0         60   _chval.o
        48          6          0          0          0         88   _printf_char_common.o
        40          6          0          0          0         72   _printf_char_file.o
        10          0          0          0          0          0   _printf_d.o
       108         18          0          0          0         76   _printf_dec.o
        10          0          0          0          0          0   _printf_f.o
      1048         14          0          0          0        176   _printf_fp_dec.o
       136         16          0          0          0         76   _printf_fp_infnan.o
       176          0          0          0          0         84   _printf_intcommon.o
        78          0          0          0          0        100   _printf_pad.o
         2          0          0          0          0          0   _printf_percent.o
         4          0          0          0          0          0   _printf_percent_end.o
       896         16          0          0          0         84   _scanf.o
       330          0          0          0          0         84   _scanf_int.o
       232          0          0          0          0         84   _scanf_str.o
        68          0          0          0          0         76   _sgetc.o
       346          0          0          0          0         92   aeabi_sdiv.o
        76          6          0          0          0         84   backspace.o
       216          6        148          0          0         80   bigflt0.o
      1456         30          0          0          0        336   btod.o
        16          0          0          0          0         68   exit.o
         8          0          0          0          0         60   ferror.o
         6          0          0          0          0        136   heapauxi.o
         0          0          0          0          0          0   indicate_semi.o
        18          0          0          0          0         68   isspace.o
        44         10        272          0          0         76   lc_ctype_c.o
        44         10         28          0          0         76   lc_numeric_c.o
         2          0          0          0          0          0   libinit.o
        30          0          0          0          0          0   libinit2.o
         2          0          0          0          0          0   libshutdown.o
         2          0          0          0          0          0   libshutdown2.o
         8          4          0          0         96         68   libspace.o
       122          0          0          0          0         72   lludiv10.o
        28          6          0          0          0         84   noretval__2printf.o
        16          4          0          0          0         76   rt_ctype_table.o
         8          4          0          0          0         68   rt_locale_intlibspace.o
         2          0          0          0          0          0   rtexit.o
        10          0          0          0          0          0   rtexit2.o
        40          0          0          0          0         60   rtudiv10.o
        48          8          0          0          0         84   scanf_char.o
        28          8          0          0          0         68   scanf_char_file.o
       136          4          0          0          0         72   strcmp.o
        12          4          0          0          0         60   sys_exit.o
        62          0          0          0          0         80   sys_stackheap_outer.o
        76         14          0          0          0         60   ungetc.o
         2          0          0          0          0         68   use_no_semi.o
       124          4          0          0          0         72   d2f.o
      1096         26        128          0          0        112   ddiv.o
        72          4          0          0          0         68   dfixui.o
        88          0          0          0          0         92   dflti.o
       584         26          0          0          0         84   dmul.o
        84          4          0          0          0         60   f2d.o
        16          4          0          0          0         76   printf1.o
         0          0          0          0          0          0   usenofp.o
        44          4          0          0          0         60   fpclassify.o

    ----------------------------------------------------------------------
      8724        288        576          0        100       4052   Library Totals
        16          0          0          0          4          0   (incl. Padding)

    ----------------------------------------------------------------------

      Code (inc. data)   RO Data    RW Data    ZI Data      Debug   Library Name

      6600        216        448          0         96       3428   c_p.l
      2064         68        128          0          0        564   fz_ps.l
        44          4          0          0          0         60   m_ps.l

    ----------------------------------------------------------------------
      8724        288        576          0        100       4052   Library Totals

    ----------------------------------------------------------------------

==============================================================================


      Code (inc. data)   RO Data    RW Data    ZI Data      Debug   

     11604       1058        868         20      13660      21677   Grand Totals
     11604       1058        868         20      13660      21677   ELF Image Totals
     11604       1058        868         20          0          0   ROM Totals

==============================================================================

    Total RO  Size (Code + RO Data)                12472 (  12.18kB)
    Total RW  Size (RW Data + ZI Data)             13680 (  13.36kB)
    Total ROM Size (Code + RO Data + RW Data)      12492 (  12.20kB)

==============================================================================

